Component: Arm Compiler for Embedded 6.24 Tool: armlink [5f371500]

==============================================================================

Image Symbol Table

    Local Symbols

    Symbol Name                              Value     Ov Type        Size  Object(Section)

    ../clib/division.s                       0x00000000   Number         0  aeabi_sdivfast.o ABSOLUTE
    ../clib/division.s                       0x00000000   Number         0  aeabi_sdivfast_div0.o ABSOLUTE
    ../clib/longlong.c                       0x00000000   Number         0  llmul.o ABSOLUTE
    ../clib/microlib/ctype/ctype.c           0x00000000   Number         0  isspace_c.o ABSOLUTE
    ../clib/microlib/ctype/ctype.c           0x00000000   Number         0  ctype_c.o ABSOLUTE
    ../clib/microlib/division.c              0x00000000   Number         0  uidiv.o ABSOLUTE
    ../clib/microlib/division.c              0x00000000   Number         0  uldiv.o ABSOLUTE
    ../clib/microlib/division.c              0x00000000   Number         0  uidiv_div0.o ABSOLUTE
    ../clib/microlib/division.c              0x00000000   Number         0  idiv_div0.o ABSOLUTE
    ../clib/microlib/division.c              0x00000000   Number         0  idiv0.o ABSOLUTE
    ../clib/microlib/init/entry.s            0x00000000   Number         0  entry.o ABSOLUTE
    ../clib/microlib/init/entry.s            0x00000000   Number         0  entry4.o ABSOLUTE
    ../clib/microlib/init/entry.s            0x00000000   Number         0  entry5.o ABSOLUTE
    ../clib/microlib/init/entry.s            0x00000000   Number         0  entry7a.o ABSOLUTE
    ../clib/microlib/init/entry.s            0x00000000   Number         0  entry7b.o ABSOLUTE
    ../clib/microlib/init/entry.s            0x00000000   Number         0  entry8a.o ABSOLUTE
    ../clib/microlib/init/entry.s            0x00000000   Number         0  entry8b.o ABSOLUTE
    ../clib/microlib/init/entry.s            0x00000000   Number         0  entry9a.o ABSOLUTE
    ../clib/microlib/init/entry.s            0x00000000   Number         0  entry9b.o ABSOLUTE
    ../clib/microlib/init/entry.s            0x00000000   Number         0  entry10a.o ABSOLUTE
    ../clib/microlib/init/entry.s            0x00000000   Number         0  entry10b.o ABSOLUTE
    ../clib/microlib/init/entry.s            0x00000000   Number         0  entry11a.o ABSOLUTE
    ../clib/microlib/init/entry.s            0x00000000   Number         0  entry11b.o ABSOLUTE
    ../clib/microlib/longlong.c              0x00000000   Number         0  llshl.o ABSOLUTE
    ../clib/microlib/longlong.c              0x00000000   Number         0  llushr.o ABSOLUTE
    ../clib/microlib/longlong.c              0x00000000   Number         0  llsshr.o ABSOLUTE
    ../clib/microlib/printf/printf.c         0x00000000   Number         0  printfb.o ABSOLUTE
    ../clib/microlib/printf/printf.c         0x00000000   Number         0  printf0.o ABSOLUTE
    ../clib/microlib/printf/printf.c         0x00000000   Number         0  printf1.o ABSOLUTE
    ../clib/microlib/printf/printf.c         0x00000000   Number         0  printf2.o ABSOLUTE
    ../clib/microlib/printf/printf.c         0x00000000   Number         0  printf3.o ABSOLUTE
    ../clib/microlib/printf/printf.c         0x00000000   Number         0  printf4.o ABSOLUTE
    ../clib/microlib/printf/printf.c         0x00000000   Number         0  printf5.o ABSOLUTE
    ../clib/microlib/printf/printf.c         0x00000000   Number         0  printf6.o ABSOLUTE
    ../clib/microlib/printf/printf.c         0x00000000   Number         0  printf7.o ABSOLUTE
    ../clib/microlib/printf/printf.c         0x00000000   Number         0  printf8.o ABSOLUTE
    ../clib/microlib/printf/printf.c         0x00000000   Number         0  printfa.o ABSOLUTE
    ../clib/microlib/printf/stubs.s          0x00000000   Number         0  printfstubs.o ABSOLUTE
    ../clib/microlib/stdio/puts.c            0x00000000   Number         0  puts.o ABSOLUTE
    ../clib/microlib/stdio/puts.c            0x00000000   Number         0  puts_e.o ABSOLUTE
    ../clib/microlib/string/memcpy.c         0x00000000   Number         0  memcpya.o ABSOLUTE
    ../clib/microlib/string/memcpy.c         0x00000000   Number         0  memcpyb.o ABSOLUTE
    ../clib/microlib/string/strcmp.c         0x00000000   Number         0  strcmp.o ABSOLUTE
    ../clib/microlib/string/strncmp.c        0x00000000   Number         0  strncmp.o ABSOLUTE
    ../clib/microlib/stubs.s                 0x00000000   Number         0  iusefp.o ABSOLUTE
    ../clib/scanf.c                          0x00000000   Number         0  __0sscanf.o ABSOLUTE
    ../clib/scanf.c                          0x00000000   Number         0  _scanf_int.o ABSOLUTE
    ../clib/scanf.c                          0x00000000   Number         0  scanf_fp.o ABSOLUTE
    ../clib/scanf.c                          0x00000000   Number         0  _chval.o ABSOLUTE
    ../clib/scanf.c                          0x00000000   Number         0  scanf_char.o ABSOLUTE
    ../clib/scanf.c                          0x00000000   Number         0  _sgetc.o ABSOLUTE
    ../clib/scanf.c                          0x00000000   Number         0  _scanf.o ABSOLUTE
    ../fplib/microlib/d2f.c                  0x00000000   Number         0  d2f.o ABSOLUTE
    ../fplib/microlib/fpadd.c                0x00000000   Number         0  dadd.o ABSOLUTE
    ../fplib/microlib/fpcmp.c                0x00000000   Number         0  fcmple.o ABSOLUTE
    ../fplib/microlib/fpcmp.c                0x00000000   Number         0  fcmplt.o ABSOLUTE
    ../fplib/microlib/fpcmp.c                0x00000000   Number         0  fcmpeq.o ABSOLUTE
    ../fplib/microlib/fpdiv.c                0x00000000   Number         0  fdiv.o ABSOLUTE
    ../fplib/microlib/fpdiv.c                0x00000000   Number         0  ddiv.o ABSOLUTE
    ../fplib/microlib/fpepilogue.c           0x00000000   Number         0  fepilogue.o ABSOLUTE
    ../fplib/microlib/fpepilogue.c           0x00000000   Number         0  depilogue.o ABSOLUTE
    ../fplib/microlib/fpfix.c                0x00000000   Number         0  ffixui.o ABSOLUTE
    ../fplib/microlib/fpfix.c                0x00000000   Number         0  dfixul.o ABSOLUTE
    ../fplib/microlib/fpflt.c                0x00000000   Number         0  ffltui.o ABSOLUTE
    ../fplib/microlib/fpflt.c                0x00000000   Number         0  dfltul.o ABSOLUTE
    ../fplib/microlib/fpmul.c                0x00000000   Number         0  fmul.o ABSOLUTE
    ../fplib/microlib/fpmul.c                0x00000000   Number         0  dmul.o ABSOLUTE
    __tagsym$$used.0                         0x00000000   Number         0  startup_M251.o(RESET)
    cdrcmple.s                               0x00000000   Number         0  cdrcmple.o ABSOLUTE
    clk.c                                    0x00000000   Number         0  clk.o ABSOLUTE
    command_interface.c                      0x00000000   Number         0  command_interface.o ABSOLUTE
    dc.s                                     0x00000000   Number         0  dc.o ABSOLUTE
    gpio.c                                   0x00000000   Number         0  gpio.o ABSOLUTE
    handlers.s                               0x00000000   Number         0  handlers.o ABSOLUTE
    init.s                                   0x00000000   Number         0  init.o ABSOLUTE
    main.c                                   0x00000000   Number         0  main.o ABSOLUTE
    motion_control.c                         0x00000000   Number         0  motion_control.o ABSOLUTE
    retarget.c                               0x00000000   Number         0  retarget.o ABSOLUTE
    scs0009_servo_driver.c                   0x00000000   Number         0  scs0009_servo_driver.o ABSOLUTE
    startup_M251.c                           0x00000000   Number         0  startup_M251.o ABSOLUTE
    sys.c                                    0x00000000   Number         0  sys.o ABSOLUTE
    system_M251.c                            0x00000000   Number         0  system_M251.o ABSOLUTE
    uart.c                                   0x00000000   Number         0  uart.o ABSOLUTE
    .ARM.Collect$$$$00000000                 0x00000140   Section        0  entry.o(.ARM.Collect$$$$00000000)
    .ARM.Collect$$$$00000003                 0x00000140   Section        4  entry4.o(.ARM.Collect$$$$00000003)
    .ARM.Collect$$$$00000004                 0x00000144   Section        4  entry5.o(.ARM.Collect$$$$00000004)
    .ARM.Collect$$$$00000008                 0x00000148   Section        0  entry7b.o(.ARM.Collect$$$$00000008)
    .ARM.Collect$$$$0000000A                 0x00000148   Section        0  entry8b.o(.ARM.Collect$$$$0000000A)
    .ARM.Collect$$$$0000000B                 0x00000148   Section        8  entry9a.o(.ARM.Collect$$$$0000000B)
    __lit__00000000                          0x00000150   Data           4  entry4.o(.ARM.Collect$$$$00002714)
    .ARM.Collect$$$$0000000D                 0x00000150   Section        0  entry10a.o(.ARM.Collect$$$$0000000D)
    .ARM.Collect$$$$0000000F                 0x00000150   Section        0  entry11a.o(.ARM.Collect$$$$0000000F)
    .ARM.Collect$$$$00002714                 0x00000150   Section        4  entry4.o(.ARM.Collect$$$$00002714)
    .text                                    0x00000154   Section        0  memcpya.o(.text)
    .text                                    0x00000178   Section        0  strcmp.o(.text)
    .text                                    0x00000194   Section        0  strncmp.o(.text)
    .text                                    0x000001b4   Section        0  __0sscanf.o(.text)
    .text                                    0x000001f0   Section        0  _scanf_int.o(.text)
    _fp_value                                0x0000033d   Thumb Code   286  scanf_fp.o(.text)
    .text                                    0x0000033c   Section        0  scanf_fp.o(.text)
    .text                                    0x000006b0   Section        0  fmul.o(.text)
    .text                                    0x0000072a   Section        0  fdiv.o(.text)
    .text                                    0x000007a6   Section        0  fcmple.o(.text)
    .text                                    0x000007c2   Section        0  fcmplt.o(.text)
    .text                                    0x000007de   Section        0  fcmpeq.o(.text)
    .text                                    0x000007fa   Section        0  ffltui.o(.text)
    .text                                    0x00000808   Section        0  ffixui.o(.text)
    .text                                    0x00000830   Section        0  llmul.o(.text)
    .text                                    0x00000860   Section        0  _chval.o(.text)
    _scanf_char_input                        0x00000881   Thumb Code    12  scanf_char.o(.text)
    .text                                    0x00000880   Section        0  scanf_char.o(.text)
    .text                                    0x000008ac   Section        0  _sgetc.o(.text)
    .text                                    0x000008f0   Section        0  iusefp.o(.text)
    .text                                    0x000008f0   Section        0  fepilogue.o(.text)
    .text                                    0x00000974   Section        0  dmul.o(.text)
    .text                                    0x00000a44   Section        0  ddiv.o(.text)
    .text                                    0x00000b34   Section        0  dfltul.o(.text)
    .text                                    0x00000b50   Section        0  d2f.o(.text)
    .text                                    0x00000b88   Section       48  init.o(.text)
    .text                                    0x00000bb8   Section        0  uidiv_div0.o(.text)
    .text                                    0x00000bf6   Section        0  llshl.o(.text)
    .text                                    0x00000c16   Section        0  llushr.o(.text)
    .text                                    0x00000c38   Section        0  isspace_c.o(.text)
    .text                                    0x00000c48   Section        0  _scanf.o(.text)
    .text                                    0x00000f80   Section        0  depilogue.o(.text)
    .text                                    0x00001040   Section        0  ctype_c.o(.text)
    [Anonymous Symbol]                       0x00001064   Section        0  clk.o(.text.CLK_EnableModuleClock)
    __arm_cp.20_0                            0x00001080   Number         4  clk.o(.text.CLK_EnableModuleClock)
    __arm_cp.20_1                            0x00001084   Number         4  clk.o(.text.CLK_EnableModuleClock)
    [Anonymous Symbol]                       0x00001088   Section        0  clk.o(.text.CLK_EnableXtalRC)
    __arm_cp.18_0                            0x00001094   Number         4  clk.o(.text.CLK_EnableXtalRC)
    [Anonymous Symbol]                       0x00001098   Section        0  clk.o(.text.CLK_GetPCLK0Freq)
    [Anonymous Symbol]                       0x00001100   Section        0  clk.o(.text.CLK_GetPCLK1Freq)
    __arm_cp.7_0                             0x00001168   Number         4  clk.o(.text.CLK_GetPCLK1Freq)
    [Anonymous Symbol]                       0x0000116c   Section        0  clk.o(.text.CLK_GetPLLClockFreq)
    __arm_cp.10_0                            0x000011b4   Number         4  clk.o(.text.CLK_GetPLLClockFreq)
    __arm_cp.10_1                            0x000011b8   Number         4  clk.o(.text.CLK_GetPLLClockFreq)
    __arm_cp.10_2                            0x000011bc   Number         4  clk.o(.text.CLK_GetPLLClockFreq)
    __arm_cp.10_3                            0x000011c0   Number         4  clk.o(.text.CLK_GetPLLClockFreq)
    [Anonymous Symbol]                       0x000011c4   Section        0  clk.o(.text.CLK_SetHCLK)
    [Anonymous Symbol]                       0x00001250   Section        0  clk.o(.text.CLK_SetModuleClock)
    __arm_cp.16_0                            0x00001294   Number         4  clk.o(.text.CLK_SetModuleClock)
    __arm_cp.16_2                            0x000012a8   Number         4  clk.o(.text.CLK_SetModuleClock)
    [Anonymous Symbol]                       0x000012ac   Section        0  clk.o(.text.CLK_SysTickDelay)
    __arm_cp.35_0                            0x00001410   Number         4  clk.o(.text.CLK_SysTickDelay)
    [Anonymous Symbol]                       0x00001414   Section        0  clk.o(.text.CLK_WaitClockReady)
    __arm_cp.13_0                            0x0000145c   Number         4  clk.o(.text.CLK_WaitClockReady)
    __arm_cp.13_1                            0x00001460   Number         4  clk.o(.text.CLK_WaitClockReady)
    __arm_cp.13_2                            0x00001464   Number         4  clk.o(.text.CLK_WaitClockReady)
    [Anonymous Symbol]                       0x00001468   Section        0  startup_M251.o(.text.Default_Handler)
    [Anonymous Symbol]                       0x0000146c   Section        0  startup_M251.o(.text.HardFault_Handler)
    [Anonymous Symbol]                       0x00001484   Section        0  retarget.o(.text.ProcessHardFault)
    __arm_cp.1_0                             0x000014ac   Number         4  retarget.o(.text.ProcessHardFault)
    __arm_cp.1_2                             0x000014c0   Number         4  retarget.o(.text.ProcessHardFault)
    [Anonymous Symbol]                       0x000014c4   Section        0  startup_M251.o(.text.Reset_Handler)
    __arm_cp.1_0                             0x000014f4   Number         4  startup_M251.o(.text.Reset_Handler)
    __arm_cp.1_1                             0x000014f8   Number         4  startup_M251.o(.text.Reset_Handler)
    __arm_cp.1_2                             0x000014fc   Number         4  startup_M251.o(.text.Reset_Handler)
    __arm_cp.1_3                             0x00001500   Number         4  startup_M251.o(.text.Reset_Handler)
    [Anonymous Symbol]                       0x00001504   Section        0  startup_M251.o(.text.Reset_Handler_PreInit)
    [Anonymous Symbol]                       0x00001508   Section        0  main.o(.text.SYS_Init)
    __arm_cp.0_1                             0x00001598   Number         4  main.o(.text.SYS_Init)
    __arm_cp.0_2                             0x0000159c   Number         4  main.o(.text.SYS_Init)
    __arm_cp.0_3                             0x000015a0   Number         4  main.o(.text.SYS_Init)
    SYS_UnlockReg                            0x000015a5   Thumb Code    56  startup_M251.o(.text.SYS_UnlockReg)
    [Anonymous Symbol]                       0x000015a4   Section        0  startup_M251.o(.text.SYS_UnlockReg)
    __arm_cp.4_0                             0x000015dc   Number         4  startup_M251.o(.text.SYS_UnlockReg)
    [Anonymous Symbol]                       0x000015e0   Section        0  retarget.o(.text.SendChar)
    __arm_cp.3_0                             0x0000162c   Number         4  retarget.o(.text.SendChar)
    [Anonymous Symbol]                       0x00001630   Section        0  system_M251.o(.text.SystemCoreClockUpdate)
    __arm_cp.0_0                             0x0000166c   Number         4  system_M251.o(.text.SystemCoreClockUpdate)
    __arm_cp.0_1                             0x00001670   Number         4  system_M251.o(.text.SystemCoreClockUpdate)
    __arm_cp.0_2                             0x00001674   Number         4  system_M251.o(.text.SystemCoreClockUpdate)
    __arm_cp.0_3                             0x00001678   Number         4  system_M251.o(.text.SystemCoreClockUpdate)
    __arm_cp.0_4                             0x0000167c   Number         4  system_M251.o(.text.SystemCoreClockUpdate)
    __arm_cp.0_5                             0x00001680   Number         4  system_M251.o(.text.SystemCoreClockUpdate)
    __arm_cp.0_6                             0x00001684   Number         4  system_M251.o(.text.SystemCoreClockUpdate)
    [Anonymous Symbol]                       0x00001688   Section        0  system_M251.o(.text.SystemInit)
    __arm_cp.1_0                             0x000016a0   Number         4  system_M251.o(.text.SystemInit)
    __arm_cp.1_1                             0x000016a4   Number         4  system_M251.o(.text.SystemInit)
    __arm_cp.1_2                             0x000016a8   Number         4  system_M251.o(.text.SystemInit)
    [Anonymous Symbol]                       0x000016ac   Section        0  uart.o(.text.UART_Open)
    __arm_cp.6_0                             0x00001790   Number         4  uart.o(.text.UART_Open)
    __arm_cp.6_1                             0x00001794   Number         4  uart.o(.text.UART_Open)
    __arm_cp.6_2                             0x00001798   Number         4  uart.o(.text.UART_Open)
    __arm_cp.6_3                             0x0000179c   Number         4  uart.o(.text.UART_Open)
    __arm_cp.6_4                             0x000017a0   Number         4  uart.o(.text.UART_Open)
    __arm_cp.6_5                             0x000017a4   Number         4  uart.o(.text.UART_Open)
    __arm_cp.6_6                             0x000017a8   Number         4  uart.o(.text.UART_Open)
    [Anonymous Symbol]                       0x000017ac   Section        0  system_M251.o(.text.Uart0DefaultMPF)
    __arm_cp.2_0                             0x000017d0   Number         4  system_M251.o(.text.Uart0DefaultMPF)
    [Anonymous Symbol]                       0x000017d4   Section        0  motion_control.o(.text.clamp_pose)
    [Anonymous Symbol]                       0x00001864   Section        0  command_interface.o(.text.command_parser)
    __arm_cp.1_10                            0x00001a64   Number         4  command_interface.o(.text.command_parser)
    __arm_cp.1_12                            0x00001a74   Number         4  command_interface.o(.text.command_parser)
    __arm_cp.1_13                            0x00001a78   Number         4  command_interface.o(.text.command_parser)
    __arm_cp.1_14                            0x00001a7c   Number         4  command_interface.o(.text.command_parser)
    __arm_cp.1_17                            0x00001ac4   Number         4  command_interface.o(.text.command_parser)
    __arm_cp.1_18                            0x00001ac8   Number         4  command_interface.o(.text.command_parser)
    __arm_cp.1_19                            0x00001acc   Number         4  command_interface.o(.text.command_parser)
    __arm_cp.1_20                            0x00001ad0   Number         4  command_interface.o(.text.command_parser)
    __arm_cp.1_21                            0x00001ad4   Number         4  command_interface.o(.text.command_parser)
    __arm_cp.1_22                            0x00001ad8   Number         4  command_interface.o(.text.command_parser)
    __arm_cp.1_23                            0x00001adc   Number         4  command_interface.o(.text.command_parser)
    __arm_cp.1_24                            0x00001ae0   Number         4  command_interface.o(.text.command_parser)
    __arm_cp.1_25                            0x00001ae4   Number         4  command_interface.o(.text.command_parser)
    __arm_cp.1_26                            0x00001ae8   Number         4  command_interface.o(.text.command_parser)
    [Anonymous Symbol]                       0x00001aec   Section        0  retarget.o(.text.fputc)
    [Anonymous Symbol]                       0x00001af8   Section        0  main.o(.text.main)
    __arm_cp.5_0                             0x00001b4c   Number         4  main.o(.text.main)
    __arm_cp.5_1                             0x00001b50   Number         4  main.o(.text.main)
    __arm_cp.5_2                             0x00001b54   Number         4  main.o(.text.main)
    __arm_cp.5_3                             0x00001b58   Number         4  main.o(.text.main)
    __arm_cp.5_4                             0x00001b5c   Number         4  main.o(.text.main)
    [Anonymous Symbol]                       0x00001b7c   Section        0  motion_control.o(.text.motion_init)
    __arm_cp.2_0                             0x00001bb8   Number         4  motion_control.o(.text.motion_init)
    __arm_cp.2_1                             0x00001bbc   Number         4  motion_control.o(.text.motion_init)
    __arm_cp.2_3                             0x00001bc0   Number         4  motion_control.o(.text.motion_init)
    [Anonymous Symbol]                       0x00001bc4   Section        0  motion_control.o(.text.motion_set_pose)
    __arm_cp.3_0                             0x00001d50   Number         4  motion_control.o(.text.motion_set_pose)
    __arm_cp.3_1                             0x00001d54   Number         4  motion_control.o(.text.motion_set_pose)
    [Anonymous Symbol]                       0x00001d58   Section        0  command_interface.o(.text.read_line)
    __arm_cp.0_0                             0x00001da8   Number         4  command_interface.o(.text.read_line)
    __arm_cp.0_1                             0x00001dac   Number         4  command_interface.o(.text.read_line)
    __arm_cp.0_2                             0x00001db0   Number         4  command_interface.o(.text.read_line)
    __arm_cp.0_3                             0x00001db4   Number         4  command_interface.o(.text.read_line)
    [Anonymous Symbol]                       0x00001db8   Section        0  scs0009_servo_driver.o(.text.scs_clear_speed)
    [Anonymous Symbol]                       0x00001df0   Section        0  scs0009_servo_driver.o(.text.scs_get_status)
    [Anonymous Symbol]                       0x00001f30   Section        0  scs0009_servo_driver.o(.text.scs_init)
    __arm_cp.1_0                             0x00001f3c   Number         4  scs0009_servo_driver.o(.text.scs_init)
    [Anonymous Symbol]                       0x00001f40   Section        0  scs0009_servo_driver.o(.text.scs_set_limits)
    __arm_cp.8_1                             0x0000214c   Number         4  scs0009_servo_driver.o(.text.scs_set_limits)
    [Anonymous Symbol]                       0x00002150   Section        0  scs0009_servo_driver.o(.text.scs_set_position)
    __arm_cp.4_0                             0x0000218c   Number         4  scs0009_servo_driver.o(.text.scs_set_position)
    [Anonymous Symbol]                       0x00002190   Section        0  scs0009_servo_driver.o(.text.scs_set_torque)
    __arm_cp.3_0                             0x000021c8   Number         4  scs0009_servo_driver.o(.text.scs_set_torque)
    [Anonymous Symbol]                       0x000021cc   Section        0  scs0009_servo_driver.o(.text.scs_sync_write_position_time)
    __arm_cp.10_0                            0x00002420   Number         4  scs0009_servo_driver.o(.text.scs_sync_write_position_time)
    __arm_cp.10_1                            0x00002424   Number         4  scs0009_servo_driver.o(.text.scs_sync_write_position_time)
    [Anonymous Symbol]                       0x00002428   Section        0  main.o(.text.servo_uart_rx)
    __arm_cp.3_0                             0x000024c4   Number         4  main.o(.text.servo_uart_rx)
    [Anonymous Symbol]                       0x000024c8   Section        0  main.o(.text.servo_uart_tx)
    __arm_cp.2_0                             0x0000264c   Number         4  main.o(.text.servo_uart_tx)
    [Anonymous Symbol]                       0x00002650   Section        0  motion_control.o(.text.update_speed)
    __arm_cp.4_0                             0x0000266c   Number         4  motion_control.o(.text.update_speed)
    i.__0printf$6                            0x00002670   Section        0  printf6.o(i.__0printf$6)
    i.__ARM_clz                              0x00002690   Section        0  depilogue.o(i.__ARM_clz)
    i.__scatterload_copy                     0x000026be   Section       14  handlers.o(i.__scatterload_copy)
    i.__scatterload_null                     0x000026cc   Section        2  handlers.o(i.__scatterload_null)
    i.__scatterload_zeroinit                 0x000026ce   Section       14  handlers.o(i.__scatterload_zeroinit)
    i._is_digit                              0x000026dc   Section        0  scanf_fp.o(i._is_digit)
    _printf_core                             0x000026ed   Thumb Code   768  printf6.o(i._printf_core)
    i._printf_core                           0x000026ec   Section        0  printf6.o(i._printf_core)
    _printf_post_padding                     0x000029f1   Thumb Code    32  printf6.o(i._printf_post_padding)
    i._printf_post_padding                   0x000029f0   Section        0  printf6.o(i._printf_post_padding)
    _printf_pre_padding                      0x00002a11   Thumb Code    44  printf6.o(i._printf_pre_padding)
    i._printf_pre_padding                    0x00002a10   Section        0  printf6.o(i._printf_pre_padding)
    i.puts                                   0x00002a3c   Section        0  puts.o(i.puts)
    .constdata                               0x00002a5c   Section       64  ctype_c.o(.constdata)
    [Anonymous Symbol]                       0x00002a9c   Section        0  clk.o(.rodata..L__const.CLK_DisableModuleClock.au32ClkTbl)
    [Anonymous Symbol]                       0x00002aa8   Section        0  uart.o(.rodata..L__const.UART_SelectIrDAMode.au32ClkTbl)
    [Anonymous Symbol]                       0x00002b20   Section        0  clk.o(.rodata.cst16)
    [Anonymous Symbol]                       0x00002b30   Section        0  clk.o(.rodata.cst4)
    [Anonymous Symbol]                       0x00002b54   Section        0  command_interface.o(.rodata.str1.1)
    g_ICE_Connected                          0x2000000c   Data           4  retarget.o(.data.g_ICE_Connected)
    [Anonymous Symbol]                       0x2000000c   Section        0  retarget.o(.data.g_ICE_Connected)
    g_rx_func                                0x20000478   Data           4  scs0009_servo_driver.o(.bss.g_rx_func)
    [Anonymous Symbol]                       0x20000478   Section        0  scs0009_servo_driver.o(.bss.g_rx_func)
    g_tx_func                                0x2000047c   Data           4  scs0009_servo_driver.o(.bss.g_tx_func)
    [Anonymous Symbol]                       0x2000047c   Section        0  scs0009_servo_driver.o(.bss.g_tx_func)

    Global Symbols

    Symbol Name                              Value     Ov Type        Size  Object(Section)

    BuildAttributes$$THM_ISAv3M$S$8M$PE$A:L22$X:L11$S22$IEEE1$IW$USESV6$~STKCKD$USESV7$~SHL$OTIME$ROPI$MICROLIB$REQ8$PRES8$EABIv2 0x00000000   Number         0  anon$$obj.o ABSOLUTE
    __Vectors                                0x00000000   Data         320  startup_M251.o(RESET)
    _printf_a                                0x00000000   Number         0  printfstubs.o ABSOLUTE
    _printf_c                                0x00000000   Number         0  printfstubs.o ABSOLUTE
    _printf_charcount                        0x00000000   Number         0  printfstubs.o ABSOLUTE
    _printf_d                                0x00000000   Number         0  printfstubs.o ABSOLUTE
    _printf_e                                0x00000000   Number         0  printfstubs.o ABSOLUTE
    _printf_f                                0x00000000   Number         0  printfstubs.o ABSOLUTE
    _printf_flags                            0x00000000   Number         0  printfstubs.o ABSOLUTE
    _printf_fp_dec                           0x00000000   Number         0  printfstubs.o ABSOLUTE
    _printf_fp_hex                           0x00000000   Number         0  printfstubs.o ABSOLUTE
    _printf_g                                0x00000000   Number         0  printfstubs.o ABSOLUTE
    _printf_i                                0x00000000   Number         0  printfstubs.o ABSOLUTE
    _printf_int_dec                          0x00000000   Number         0  printfstubs.o ABSOLUTE
    _printf_l                                0x00000000   Number         0  printfstubs.o ABSOLUTE
    _printf_lc                               0x00000000   Number         0  printfstubs.o ABSOLUTE
    _printf_ll                               0x00000000   Number         0  printfstubs.o ABSOLUTE
    _printf_lld                              0x00000000   Number         0  printfstubs.o ABSOLUTE
    _printf_lli                              0x00000000   Number         0  printfstubs.o ABSOLUTE
    _printf_llo                              0x00000000   Number         0  printfstubs.o ABSOLUTE
    _printf_llu                              0x00000000   Number         0  printfstubs.o ABSOLUTE
    _printf_llx                              0x00000000   Number         0  printfstubs.o ABSOLUTE
    _printf_longlong_dec                     0x00000000   Number         0  printfstubs.o ABSOLUTE
    _printf_longlong_hex                     0x00000000   Number         0  printfstubs.o ABSOLUTE
    _printf_longlong_oct                     0x00000000   Number         0  printfstubs.o ABSOLUTE
    _printf_ls                               0x00000000   Number         0  printfstubs.o ABSOLUTE
    _printf_mbtowc                           0x00000000   Number         0  printfstubs.o ABSOLUTE
    _printf_n                                0x00000000   Number         0  printfstubs.o ABSOLUTE
    _printf_o                                0x00000000   Number         0  printfstubs.o ABSOLUTE
    _printf_p                                0x00000000   Number         0  printfstubs.o ABSOLUTE
    _printf_percent                          0x00000000   Number         0  printfstubs.o ABSOLUTE
    _printf_pre_padding                      0x00000000   Number         0  printfstubs.o ABSOLUTE
    _printf_return_value                     0x00000000   Number         0  printfstubs.o ABSOLUTE
    _printf_s                                0x00000000   Number         0  printfstubs.o ABSOLUTE
    _printf_sizespec                         0x00000000   Number         0  printfstubs.o ABSOLUTE
    _printf_str                              0x00000000   Number         0  printfstubs.o ABSOLUTE
    _printf_truncate_signed                  0x00000000   Number         0  printfstubs.o ABSOLUTE
    _printf_truncate_unsigned                0x00000000   Number         0  printfstubs.o ABSOLUTE
    _printf_u                                0x00000000   Number         0  printfstubs.o ABSOLUTE
    _printf_wc                               0x00000000   Number         0  printfstubs.o ABSOLUTE
    _printf_wctomb                           0x00000000   Number         0  printfstubs.o ABSOLUTE
    _printf_widthprec                        0x00000000   Number         0  printfstubs.o ABSOLUTE
    _printf_x                                0x00000000   Number         0  printfstubs.o ABSOLUTE
    __cpp_initialize__aeabi_                  - Undefined Weak Reference
    __cxa_finalize                            - Undefined Weak Reference
    __decompress                              - Undefined Weak Reference
    _clock_init                               - Undefined Weak Reference
    _microlib_exit                            - Undefined Weak Reference
    _scanf_longlong                           - Undefined Weak Reference
    _scanf_string                             - Undefined Weak Reference
    __main                                   0x00000141   Thumb Code     0  entry.o(.ARM.Collect$$$$00000000)
    _main_stk                                0x00000141   Thumb Code     0  entry4.o(.ARM.Collect$$$$00000003)
    _main_scatterload                        0x00000145   Thumb Code     0  entry5.o(.ARM.Collect$$$$00000004)
    __main_after_scatterload                 0x00000149   Thumb Code     0  entry5.o(.ARM.Collect$$$$00000004)
    _main_clock                              0x00000149   Thumb Code     0  entry7b.o(.ARM.Collect$$$$00000008)
    _main_cpp_init                           0x00000149   Thumb Code     0  entry8b.o(.ARM.Collect$$$$0000000A)
    _main_init                               0x00000149   Thumb Code     0  entry9a.o(.ARM.Collect$$$$0000000B)
    __rt_final_cpp                           0x00000151   Thumb Code     0  entry10a.o(.ARM.Collect$$$$0000000D)
    __rt_final_exit                          0x00000151   Thumb Code     0  entry11a.o(.ARM.Collect$$$$0000000F)
    __aeabi_memcpy                           0x00000155   Thumb Code    36  memcpya.o(.text)
    __aeabi_memcpy4                          0x00000155   Thumb Code     0  memcpya.o(.text)
    __aeabi_memcpy8                          0x00000155   Thumb Code     0  memcpya.o(.text)
    strcmp                                   0x00000179   Thumb Code    28  strcmp.o(.text)
    strncmp                                  0x00000195   Thumb Code    30  strncmp.o(.text)
    __0sscanf                                0x000001b5   Thumb Code    50  __0sscanf.o(.text)
    _scanf_int                               0x000001f1   Thumb Code   330  _scanf_int.o(.text)
    _scanf_real                              0x0000045b   Thumb Code     0  scanf_fp.o(.text)
    _scanf_really_real                       0x0000045b   Thumb Code   584  scanf_fp.o(.text)
    __aeabi_fmul                             0x000006b1   Thumb Code   122  fmul.o(.text)
    __aeabi_fdiv                             0x0000072b   Thumb Code   124  fdiv.o(.text)
    __aeabi_fcmple                           0x000007a7   Thumb Code    28  fcmple.o(.text)
    __aeabi_fcmplt                           0x000007c3   Thumb Code    28  fcmplt.o(.text)
    __aeabi_fcmpeq                           0x000007df   Thumb Code    28  fcmpeq.o(.text)
    __aeabi_ui2f                             0x000007fb   Thumb Code    14  ffltui.o(.text)
    __aeabi_f2uiz                            0x00000809   Thumb Code    40  ffixui.o(.text)
    __aeabi_lmul                             0x00000831   Thumb Code    48  llmul.o(.text)
    _ll_mul                                  0x00000831   Thumb Code     0  llmul.o(.text)
    _chval                                   0x00000861   Thumb Code    30  _chval.o(.text)
    __vfscanf_char                           0x0000088d   Thumb Code    24  scanf_char.o(.text)
    _sgetc                                   0x000008ad   Thumb Code    32  _sgetc.o(.text)
    _sbackspace                              0x000008cd   Thumb Code    36  _sgetc.o(.text)
    __I$use$fp                               0x000008f1   Thumb Code     0  iusefp.o(.text)
    _float_round                             0x000008f1   Thumb Code    16  fepilogue.o(.text)
    _float_epilogue                          0x00000901   Thumb Code   114  fepilogue.o(.text)
    __aeabi_dmul                             0x00000975   Thumb Code   202  dmul.o(.text)
    __aeabi_ddiv                             0x00000a45   Thumb Code   234  ddiv.o(.text)
    __aeabi_ul2d                             0x00000b35   Thumb Code    22  dfltul.o(.text)
    __aeabi_d2f                              0x00000b51   Thumb Code    56  d2f.o(.text)
    __scatterload                            0x00000b89   Thumb Code    38  init.o(.text)
    __scatterload_rt2                        0x00000b89   Thumb Code     0  init.o(.text)
    __aeabi_uidiv$div0                       0x00000bb9   Thumb Code     0  uidiv_div0.o(.text)
    __aeabi_uidivmod                         0x00000bb9   Thumb Code    62  uidiv_div0.o(.text)
    __aeabi_llsl                             0x00000bf7   Thumb Code    32  llshl.o(.text)
    _ll_shift_l                              0x00000bf7   Thumb Code     0  llshl.o(.text)
    __aeabi_llsr                             0x00000c17   Thumb Code    34  llushr.o(.text)
    _ll_ushift_r                             0x00000c17   Thumb Code     0  llushr.o(.text)
    isspace                                  0x00000c39   Thumb Code    14  isspace_c.o(.text)
    __vfscanf                                0x00000c49   Thumb Code   812  _scanf.o(.text)
    _double_round                            0x00000f81   Thumb Code    26  depilogue.o(.text)
    _double_epilogue                         0x00000f9b   Thumb Code   164  depilogue.o(.text)
    __ctype_lookup                           0x00001041   Thumb Code    32  ctype_c.o(.text)
    CLK_EnableModuleClock                    0x00001065   Thumb Code    28  clk.o(.text.CLK_EnableModuleClock)
    CLK_EnableXtalRC                         0x00001089   Thumb Code    12  clk.o(.text.CLK_EnableXtalRC)
    CLK_GetPCLK0Freq                         0x00001099   Thumb Code   104  clk.o(.text.CLK_GetPCLK0Freq)
    CLK_GetPCLK1Freq                         0x00001101   Thumb Code   104  clk.o(.text.CLK_GetPCLK1Freq)
    CLK_GetPLLClockFreq                      0x0000116d   Thumb Code    72  clk.o(.text.CLK_GetPLLClockFreq)
    CLK_SetHCLK                              0x000011c5   Thumb Code   140  clk.o(.text.CLK_SetHCLK)
    CLK_SetModuleClock                       0x00001251   Thumb Code    68  clk.o(.text.CLK_SetModuleClock)
    CLK_SysTickDelay                         0x000012ad   Thumb Code   356  clk.o(.text.CLK_SysTickDelay)
    CLK_WaitClockReady                       0x00001415   Thumb Code    72  clk.o(.text.CLK_WaitClockReady)
    ACMP01_IRQHandler                        0x00001469   Thumb Code     2  startup_M251.o(.text.Default_Handler)
    BOD_IRQHandler                           0x00001469   Thumb Code     2  startup_M251.o(.text.Default_Handler)
    BPWM0_IRQHandler                         0x00001469   Thumb Code     2  startup_M251.o(.text.Default_Handler)
    BPWM1_IRQHandler                         0x00001469   Thumb Code     2  startup_M251.o(.text.Default_Handler)
    BRAKE0_IRQHandler                        0x00001469   Thumb Code     2  startup_M251.o(.text.Default_Handler)
    BRAKE1_IRQHandler                        0x00001469   Thumb Code     2  startup_M251.o(.text.Default_Handler)
    CLKFAIL_IRQHandler                       0x00001469   Thumb Code     2  startup_M251.o(.text.Default_Handler)
    CRPT_IRQHandler                          0x00001469   Thumb Code     2  startup_M251.o(.text.Default_Handler)
    DAC_IRQHandler                           0x00001469   Thumb Code     2  startup_M251.o(.text.Default_Handler)
    Default_Handler                          0x00001469   Thumb Code     2  startup_M251.o(.text.Default_Handler)
    EADC_INT0_IRQHandler                     0x00001469   Thumb Code     2  startup_M251.o(.text.Default_Handler)
    EADC_INT1_IRQHandler                     0x00001469   Thumb Code     2  startup_M251.o(.text.Default_Handler)
    EADC_INT2_IRQHandler                     0x00001469   Thumb Code     2  startup_M251.o(.text.Default_Handler)
    EADC_INT3_IRQHandler                     0x00001469   Thumb Code     2  startup_M251.o(.text.Default_Handler)
    EINT0_IRQHandler                         0x00001469   Thumb Code     2  startup_M251.o(.text.Default_Handler)
    EINT1_IRQHandler                         0x00001469   Thumb Code     2  startup_M251.o(.text.Default_Handler)
    EINT2_IRQHandler                         0x00001469   Thumb Code     2  startup_M251.o(.text.Default_Handler)
    EINT3_IRQHandler                         0x00001469   Thumb Code     2  startup_M251.o(.text.Default_Handler)
    EINT4_IRQHandler                         0x00001469   Thumb Code     2  startup_M251.o(.text.Default_Handler)
    EINT5_IRQHandler                         0x00001469   Thumb Code     2  startup_M251.o(.text.Default_Handler)
    GPA_IRQHandler                           0x00001469   Thumb Code     2  startup_M251.o(.text.Default_Handler)
    GPB_IRQHandler                           0x00001469   Thumb Code     2  startup_M251.o(.text.Default_Handler)
    GPC_IRQHandler                           0x00001469   Thumb Code     2  startup_M251.o(.text.Default_Handler)
    GPD_IRQHandler                           0x00001469   Thumb Code     2  startup_M251.o(.text.Default_Handler)
    GPE_IRQHandler                           0x00001469   Thumb Code     2  startup_M251.o(.text.Default_Handler)
    GPF_IRQHandler                           0x00001469   Thumb Code     2  startup_M251.o(.text.Default_Handler)
    I2C0_IRQHandler                          0x00001469   Thumb Code     2  startup_M251.o(.text.Default_Handler)
    I2C1_IRQHandler                          0x00001469   Thumb Code     2  startup_M251.o(.text.Default_Handler)
    IRCTRIM_IRQHandler                       0x00001469   Thumb Code     2  startup_M251.o(.text.Default_Handler)
    LCD_IRQHandler                           0x00001469   Thumb Code     2  startup_M251.o(.text.Default_Handler)
    NMI_Handler                              0x00001469   Thumb Code     2  startup_M251.o(.text.Default_Handler)
    OPA_IRQHandler                           0x00001469   Thumb Code     2  startup_M251.o(.text.Default_Handler)
    PDMA_IRQHandler                          0x00001469   Thumb Code     2  startup_M251.o(.text.Default_Handler)
    PSIO_IRQHandler                          0x00001469   Thumb Code     2  startup_M251.o(.text.Default_Handler)
    PWM0_P0_IRQHandler                       0x00001469   Thumb Code     2  startup_M251.o(.text.Default_Handler)
    PWM0_P1_IRQHandler                       0x00001469   Thumb Code     2  startup_M251.o(.text.Default_Handler)
    PWM0_P2_IRQHandler                       0x00001469   Thumb Code     2  startup_M251.o(.text.Default_Handler)
    PWM1_P0_IRQHandler                       0x00001469   Thumb Code     2  startup_M251.o(.text.Default_Handler)
    PWM1_P1_IRQHandler                       0x00001469   Thumb Code     2  startup_M251.o(.text.Default_Handler)
    PWM1_P2_IRQHandler                       0x00001469   Thumb Code     2  startup_M251.o(.text.Default_Handler)
    PWRWU_IRQHandler                         0x00001469   Thumb Code     2  startup_M251.o(.text.Default_Handler)
    PendSV_Handler                           0x00001469   Thumb Code     2  startup_M251.o(.text.Default_Handler)
    QSPI0_IRQHandler                         0x00001469   Thumb Code     2  startup_M251.o(.text.Default_Handler)
    RTC_IRQHandler                           0x00001469   Thumb Code     2  startup_M251.o(.text.Default_Handler)
    SC0_IRQHandler                           0x00001469   Thumb Code     2  startup_M251.o(.text.Default_Handler)
    SPI0_IRQHandler                          0x00001469   Thumb Code     2  startup_M251.o(.text.Default_Handler)
    SPI1_IRQHandler                          0x00001469   Thumb Code     2  startup_M251.o(.text.Default_Handler)
    SVC_Handler                              0x00001469   Thumb Code     2  startup_M251.o(.text.Default_Handler)
    SysTick_Handler                          0x00001469   Thumb Code     2  startup_M251.o(.text.Default_Handler)
    TAMPER_IRQHandler                        0x00001469   Thumb Code     2  startup_M251.o(.text.Default_Handler)
    TK_IRQHandler                            0x00001469   Thumb Code     2  startup_M251.o(.text.Default_Handler)
    TMR0_IRQHandler                          0x00001469   Thumb Code     2  startup_M251.o(.text.Default_Handler)
    TMR1_IRQHandler                          0x00001469   Thumb Code     2  startup_M251.o(.text.Default_Handler)
    TMR2_IRQHandler                          0x00001469   Thumb Code     2  startup_M251.o(.text.Default_Handler)
    TMR3_IRQHandler                          0x00001469   Thumb Code     2  startup_M251.o(.text.Default_Handler)
    UART0_IRQHandler                         0x00001469   Thumb Code     2  startup_M251.o(.text.Default_Handler)
    UART1_IRQHandler                         0x00001469   Thumb Code     2  startup_M251.o(.text.Default_Handler)
    UART2_IRQHandler                         0x00001469   Thumb Code     2  startup_M251.o(.text.Default_Handler)
    UART3_IRQHandler                         0x00001469   Thumb Code     2  startup_M251.o(.text.Default_Handler)
    USBD_IRQHandler                          0x00001469   Thumb Code     2  startup_M251.o(.text.Default_Handler)
    USCI0_IRQHandler                         0x00001469   Thumb Code     2  startup_M251.o(.text.Default_Handler)
    USCI1_IRQHandler                         0x00001469   Thumb Code     2  startup_M251.o(.text.Default_Handler)
    USCI2_IRQHandler                         0x00001469   Thumb Code     2  startup_M251.o(.text.Default_Handler)
    WDT_IRQHandler                           0x00001469   Thumb Code     2  startup_M251.o(.text.Default_Handler)
    WWDT_IRQHandler                          0x00001469   Thumb Code     2  startup_M251.o(.text.Default_Handler)
    HardFault_Handler                        0x0000146d   Thumb Code    18  startup_M251.o(.text.HardFault_Handler)
    ProcessHardFault                         0x00001485   Thumb Code    40  retarget.o(.text.ProcessHardFault)
    Reset_Handler                            0x000014c5   Thumb Code    48  startup_M251.o(.text.Reset_Handler)
    Reset_Handler_PreInit                    0x00001505   Thumb Code     2  startup_M251.o(.text.Reset_Handler_PreInit)
    SYS_Init                                 0x00001509   Thumb Code   144  main.o(.text.SYS_Init)
    SendChar                                 0x000015e1   Thumb Code    76  retarget.o(.text.SendChar)
    SystemCoreClockUpdate                    0x00001631   Thumb Code    60  system_M251.o(.text.SystemCoreClockUpdate)
    SystemInit                               0x00001689   Thumb Code    24  system_M251.o(.text.SystemInit)
    UART_Open                                0x000016ad   Thumb Code   228  uart.o(.text.UART_Open)
    Uart0DefaultMPF                          0x000017ad   Thumb Code    36  system_M251.o(.text.Uart0DefaultMPF)
    clamp_pose                               0x000017d5   Thumb Code   144  motion_control.o(.text.clamp_pose)
    command_parser                           0x00001865   Thumb Code   416  command_interface.o(.text.command_parser)
    fputc                                    0x00001aed   Thumb Code    12  retarget.o(.text.fputc)
    main                                     0x00001af9   Thumb Code    84  main.o(.text.main)
    motion_init                              0x00001b7d   Thumb Code    60  motion_control.o(.text.motion_init)
    motion_set_pose                          0x00001bc5   Thumb Code   396  motion_control.o(.text.motion_set_pose)
    read_line                                0x00001d59   Thumb Code    80  command_interface.o(.text.read_line)
    scs_clear_speed                          0x00001db9   Thumb Code    56  scs0009_servo_driver.o(.text.scs_clear_speed)
    scs_get_status                           0x00001df1   Thumb Code   320  scs0009_servo_driver.o(.text.scs_get_status)
    scs_init                                 0x00001f31   Thumb Code    12  scs0009_servo_driver.o(.text.scs_init)
    scs_set_limits                           0x00001f41   Thumb Code   524  scs0009_servo_driver.o(.text.scs_set_limits)
    scs_set_position                         0x00002151   Thumb Code    60  scs0009_servo_driver.o(.text.scs_set_position)
    scs_set_torque                           0x00002191   Thumb Code    56  scs0009_servo_driver.o(.text.scs_set_torque)
    scs_sync_write_position_time             0x000021cd   Thumb Code   596  scs0009_servo_driver.o(.text.scs_sync_write_position_time)
    servo_uart_rx                            0x00002429   Thumb Code   156  main.o(.text.servo_uart_rx)
    servo_uart_tx                            0x000024c9   Thumb Code   388  main.o(.text.servo_uart_tx)
    update_speed                             0x00002651   Thumb Code    28  motion_control.o(.text.update_speed)
    __0printf$6                              0x00002671   Thumb Code    24  printf6.o(i.__0printf$6)
    __1printf$6                              0x00002671   Thumb Code     0  printf6.o(i.__0printf$6)
    __2printf                                0x00002671   Thumb Code     0  printf6.o(i.__0printf$6)
    __ARM_clz                                0x00002691   Thumb Code    46  depilogue.o(i.__ARM_clz)
    __scatterload_copy                       0x000026bf   Thumb Code    14  handlers.o(i.__scatterload_copy)
    __scatterload_null                       0x000026cd   Thumb Code     2  handlers.o(i.__scatterload_null)
    __scatterload_zeroinit                   0x000026cf   Thumb Code    14  handlers.o(i.__scatterload_zeroinit)
    _is_digit                                0x000026dd   Thumb Code    14  scanf_fp.o(i._is_digit)
    puts                                     0x00002a3d   Thumb Code    28  puts.o(i.puts)
    __ctype_categories                       0x00002a5c   Data          64  ctype_c.o(.constdata)
    POSE_CLOSED_HAND                         0x00002ac0   Data          16  motion_control.o(.rodata.POSE_CLOSED_HAND)
    POSE_MIDDLE                              0x00002ad0   Data          16  motion_control.o(.rodata.POSE_MIDDLE)
    POSE_NEUTRAL                             0x00002ae0   Data          16  motion_control.o(.rodata.POSE_NEUTRAL)
    POSE_OK                                  0x00002af0   Data          16  motion_control.o(.rodata.POSE_OK)
    POSE_OPEN_HAND                           0x00002b00   Data          16  motion_control.o(.rodata.POSE_OPEN_HAND)
    POSE_VICTORY                             0x00002b10   Data          16  motion_control.o(.rodata.POSE_VICTORY)
    gau32ClkSrcTbl                           0x00002b34   Data          32  system_M251.o(.rodata.gau32ClkSrcTbl)
    Region$$Table$$Base                      0x00002c4c   Number         0  anon$$obj.o(Region$$Table)
    Region$$Table$$Limit                     0x00002c6c   Number         0  anon$$obj.o(Region$$Table)
    CyclesPerUs                              0x20000000   Data           4  system_M251.o(.data.CyclesPerUs)
    PllClock                                 0x20000004   Data           4  system_M251.o(.data.PllClock)
    SystemCoreClock                          0x20000008   Data           4  system_M251.o(.data.SystemCoreClock)
    __stdout                                 0x20000010   Data          84  retarget.o(.bss.__stdout)
    current_pose                             0x20000064   Data          16  motion_control.o(.bss.current_pose)
    g_CLK_i32ErrCode                         0x20000074   Data           4  clk.o(.bss.g_CLK_i32ErrCode)
    g_acRXBuffer                             0x20000078   Data        1024  command_interface.o(.bss.g_acRXBuffer)
    index                                    0x20000480   Data           4  command_interface.o(.bss.index)
    speed                                    0x20000484   Data           4  motion_control.o(.bss.speed)
    Image$$ARM_LIB_STACK$$ZI$$Limit          0x20002000   Number         0  anon$$obj.o ABSOLUTE



==============================================================================

Memory Map of the image

  Image Entry point : 0x00000141

  Load Region LR_ROM (Base: 0x00000000, Size: 0x00002c7c, Max: 0x00008000, ABSOLUTE)

    Execution Region ER_ROM (Exec base: 0x00000000, Load base: 0x00000000, Size: 0x00002c6c, Max: 0x00008000, ABSOLUTE)

    Exec Addr    Load Addr    Size         Type   Attr      Idx    E Section Name        Object

    0x00000000   0x00000000   0x00000140   Data   RO           32    RESET               startup_M251.o
    0x00000140   0x00000140   0x00000000   Code   RO          339  * .ARM.Collect$$$$00000000  mc_p.l(entry.o)
    0x00000140   0x00000140   0x00000004   Code   RO          638    .ARM.Collect$$$$00000003  mc_p.l(entry4.o)
    0x00000144   0x00000144   0x00000004   Code   RO          641    .ARM.Collect$$$$00000004  mc_p.l(entry5.o)
    0x00000148   0x00000148   0x00000000   Code   RO          643    .ARM.Collect$$$$00000008  mc_p.l(entry7b.o)
    0x00000148   0x00000148   0x00000000   Code   RO          645    .ARM.Collect$$$$0000000A  mc_p.l(entry8b.o)
    0x00000148   0x00000148   0x00000008   Code   RO          646    .ARM.Collect$$$$0000000B  mc_p.l(entry9a.o)
    0x00000150   0x00000150   0x00000000   Code   RO          648    .ARM.Collect$$$$0000000D  mc_p.l(entry10a.o)
    0x00000150   0x00000150   0x00000000   Code   RO          650    .ARM.Collect$$$$0000000F  mc_p.l(entry11a.o)
    0x00000150   0x00000150   0x00000004   Code   RO          639    .ARM.Collect$$$$00002714  mc_p.l(entry4.o)
    0x00000154   0x00000154   0x00000024   Code   RO          346    .text               mc_p.l(memcpya.o)
    0x00000178   0x00000178   0x0000001c   Code   RO          348    .text               mc_p.l(strcmp.o)
    0x00000194   0x00000194   0x0000001e   Code   RO          350    .text               mc_p.l(strncmp.o)
    0x000001b2   0x000001b2   0x00000002   PAD
    0x000001b4   0x000001b4   0x0000003c   Code   RO          615    .text               mc_p.l(__0sscanf.o)
    0x000001f0   0x000001f0   0x0000014a   Code   RO          617    .text               mc_p.l(_scanf_int.o)
    0x0000033a   0x0000033a   0x00000002   PAD
    0x0000033c   0x0000033c   0x00000374   Code   RO          619    .text               mc_p.l(scanf_fp.o)
    0x000006b0   0x000006b0   0x0000007a   Code   RO          624    .text               mf_p.l(fmul.o)
    0x0000072a   0x0000072a   0x0000007c   Code   RO          626    .text               mf_p.l(fdiv.o)
    0x000007a6   0x000007a6   0x0000001c   Code   RO          628    .text               mf_p.l(fcmple.o)
    0x000007c2   0x000007c2   0x0000001c   Code   RO          630    .text               mf_p.l(fcmplt.o)
    0x000007de   0x000007de   0x0000001c   Code   RO          632    .text               mf_p.l(fcmpeq.o)
    0x000007fa   0x000007fa   0x0000000e   Code   RO          634    .text               mf_p.l(ffltui.o)
    0x00000808   0x00000808   0x00000028   Code   RO          636    .text               mf_p.l(ffixui.o)
    0x00000830   0x00000830   0x00000030   Code   RO          660    .text               mc_p.l(llmul.o)
    0x00000860   0x00000860   0x0000001e   Code   RO          662    .text               mc_p.l(_chval.o)
    0x0000087e   0x0000087e   0x00000002   PAD
    0x00000880   0x00000880   0x0000002c   Code   RO          664    .text               mc_p.l(scanf_char.o)
    0x000008ac   0x000008ac   0x00000044   Code   RO          666    .text               mc_p.l(_sgetc.o)
    0x000008f0   0x000008f0   0x00000000   Code   RO          668    .text               mc_p.l(iusefp.o)
    0x000008f0   0x000008f0   0x00000082   Code   RO          669    .text               mf_p.l(fepilogue.o)
    0x00000972   0x00000972   0x00000002   PAD
    0x00000974   0x00000974   0x000000d0   Code   RO          673    .text               mf_p.l(dmul.o)
    0x00000a44   0x00000a44   0x000000f0   Code   RO          675    .text               mf_p.l(ddiv.o)
    0x00000b34   0x00000b34   0x0000001c   Code   RO          677    .text               mf_p.l(dfltul.o)
    0x00000b50   0x00000b50   0x00000038   Code   RO          683    .text               mf_p.l(d2f.o)
    0x00000b88   0x00000b88   0x00000030   Code   RO          685    .text               mc_p.l(init.o)
    0x00000bb8   0x00000bb8   0x0000003e   Code   RO          691    .text               mc_p.l(uidiv_div0.o)
    0x00000bf6   0x00000bf6   0x00000020   Code   RO          697    .text               mc_p.l(llshl.o)
    0x00000c16   0x00000c16   0x00000022   Code   RO          699    .text               mc_p.l(llushr.o)
    0x00000c38   0x00000c38   0x0000000e   Code   RO          703    .text               mc_p.l(isspace_c.o)
    0x00000c46   0x00000c46   0x00000002   PAD
    0x00000c48   0x00000c48   0x00000338   Code   RO          705    .text               mc_p.l(_scanf.o)
    0x00000f80   0x00000f80   0x000000be   Code   RO          707    .text               mf_p.l(depilogue.o)
    0x0000103e   0x0000103e   0x00000002   PAD
    0x00001040   0x00001040   0x00000024   Code   RO          711    .text               mc_p.l(ctype_c.o)
    0x00001064   0x00001064   0x00000024   Code   RO          181    .text.CLK_EnableModuleClock  clk.o
    0x00001088   0x00001088   0x00000010   Code   RO          177    .text.CLK_EnableXtalRC  clk.o
    0x00001098   0x00001098   0x00000068   Code   RO          153    .text.CLK_GetPCLK0Freq  clk.o
    0x00001100   0x00001100   0x0000006c   Code   RO          155    .text.CLK_GetPCLK1Freq  clk.o
    0x0000116c   0x0000116c   0x00000058   Code   RO          161    .text.CLK_GetPLLClockFreq  clk.o
    0x000011c4   0x000011c4   0x0000008c   Code   RO          169    .text.CLK_SetHCLK   clk.o
    0x00001250   0x00001250   0x0000005c   Code   RO          173    .text.CLK_SetModuleClock  clk.o
    0x000012ac   0x000012ac   0x00000168   Code   RO          211    .text.CLK_SysTickDelay  clk.o
    0x00001414   0x00001414   0x00000054   Code   RO          167    .text.CLK_WaitClockReady  clk.o
    0x00001468   0x00001468   0x00000002   Code   RO           22    .text.Default_Handler  startup_M251.o
    0x0000146a   0x0000146a   0x00000002   PAD
    0x0000146c   0x0000146c   0x00000018   Code   RO           26    .text.HardFault_Handler  startup_M251.o
    0x00001484   0x00001484   0x00000040   Code   RO           43    .text.ProcessHardFault  retarget.o
    0x000014c4   0x000014c4   0x00000040   Code   RO           24    .text.Reset_Handler  startup_M251.o
    0x00001504   0x00001504   0x00000002   Code   RO           28    .text.Reset_Handler_PreInit  startup_M251.o
    0x00001506   0x00001506   0x00000002   PAD
    0x00001508   0x00001508   0x0000009c   Code   RO          318    .text.SYS_Init      main.o
    0x000015a4   0x000015a4   0x0000003c   Code   RO           30    .text.SYS_UnlockReg  startup_M251.o
    0x000015e0   0x000015e0   0x00000050   Code   RO           47    .text.SendChar      retarget.o
    0x00001630   0x00001630   0x00000058   Code   RO            4    .text.SystemCoreClockUpdate  system_M251.o
    0x00001688   0x00001688   0x00000024   Code   RO            6    .text.SystemInit    system_M251.o
    0x000016ac   0x000016ac   0x00000100   Code   RO           86    .text.UART_Open     uart.o
    0x000017ac   0x000017ac   0x00000028   Code   RO            8    .text.Uart0DefaultMPF  system_M251.o
    0x000017d4   0x000017d4   0x00000090   Code   RO          279    .text.clamp_pose    motion_control.o
    0x00001864   0x00001864   0x00000288   Code   RO          305    .text.command_parser  command_interface.o
    0x00001aec   0x00001aec   0x0000000c   Code   RO           57    .text.fputc         retarget.o
    0x00001af8   0x00001af8   0x00000084   Code   RO          328    .text.main          main.o
    0x00001b7c   0x00001b7c   0x00000048   Code   RO          281    .text.motion_init   motion_control.o
    0x00001bc4   0x00001bc4   0x00000194   Code   RO          283    .text.motion_set_pose  motion_control.o
    0x00001d58   0x00001d58   0x00000060   Code   RO          303    .text.read_line     command_interface.o
    0x00001db8   0x00001db8   0x00000038   Code   RO          245    .text.scs_clear_speed  scs0009_servo_driver.o
    0x00001df0   0x00001df0   0x00000140   Code   RO          257    .text.scs_get_status  scs0009_servo_driver.o
    0x00001f30   0x00001f30   0x00000010   Code   RO          247    .text.scs_init      scs0009_servo_driver.o
    0x00001f40   0x00001f40   0x00000210   Code   RO          261    .text.scs_set_limits  scs0009_servo_driver.o
    0x00002150   0x00002150   0x00000040   Code   RO          253    .text.scs_set_position  scs0009_servo_driver.o
    0x00002190   0x00002190   0x0000003c   Code   RO          251    .text.scs_set_torque  scs0009_servo_driver.o
    0x000021cc   0x000021cc   0x0000025c   Code   RO          265    .text.scs_sync_write_position_time  scs0009_servo_driver.o
    0x00002428   0x00002428   0x000000a0   Code   RO          324    .text.servo_uart_rx  main.o
    0x000024c8   0x000024c8   0x00000188   Code   RO          322    .text.servo_uart_tx  main.o
    0x00002650   0x00002650   0x00000020   Code   RO          285    .text.update_speed  motion_control.o
    0x00002670   0x00002670   0x00000020   Code   RO          509    i.__0printf$6       mc_p.l(printf6.o)
    0x00002690   0x00002690   0x0000002e   Code   RO          709    i.__ARM_clz         mf_p.l(depilogue.o)
    0x000026be   0x000026be   0x0000000e   Code   RO          716    i.__scatterload_copy  mc_p.l(handlers.o)
    0x000026cc   0x000026cc   0x00000002   Code   RO          717    i.__scatterload_null  mc_p.l(handlers.o)
    0x000026ce   0x000026ce   0x0000000e   Code   RO          718    i.__scatterload_zeroinit  mc_p.l(handlers.o)
    0x000026dc   0x000026dc   0x0000000e   Code   RO          622    i._is_digit         mc_p.l(scanf_fp.o)
    0x000026ea   0x000026ea   0x00000002   PAD
    0x000026ec   0x000026ec   0x00000304   Code   RO          516    i._printf_core      mc_p.l(printf6.o)
    0x000029f0   0x000029f0   0x00000020   Code   RO          517    i._printf_post_padding  mc_p.l(printf6.o)
    0x00002a10   0x00002a10   0x0000002c   Code   RO          518    i._printf_pre_padding  mc_p.l(printf6.o)
    0x00002a3c   0x00002a3c   0x00000020   Code   RO          342    i.puts              mc_p.l(puts.o)
    0x00002a5c   0x00002a5c   0x00000040   Data   RO          712    .constdata          mc_p.l(ctype_c.o)
    0x00002a9c   0x00002a9c   0x0000000c   Data   RO          217    .rodata..L__const.CLK_DisableModuleClock.au32ClkTbl  clk.o
    0x00002aa8   0x00002aa8   0x00000018   Data   RO          104    .rodata..L__const.UART_SelectIrDAMode.au32ClkTbl  uart.o
    0x00002ac0   0x00002ac0   0x00000010   Data   RO          288    .rodata.POSE_CLOSED_HAND  motion_control.o
    0x00002ad0   0x00002ad0   0x00000010   Data   RO          290    .rodata.POSE_MIDDLE  motion_control.o
    0x00002ae0   0x00002ae0   0x00000010   Data   RO          289    .rodata.POSE_NEUTRAL  motion_control.o
    0x00002af0   0x00002af0   0x00000010   Data   RO          291    .rodata.POSE_OK     motion_control.o
    0x00002b00   0x00002b00   0x00000010   Data   RO          287    .rodata.POSE_OPEN_HAND  motion_control.o
    0x00002b10   0x00002b10   0x00000010   Data   RO          292    .rodata.POSE_VICTORY  motion_control.o
    0x00002b20   0x00002b20   0x00000010   Data   RO          218    .rodata.cst16       clk.o
    0x00002b30   0x00002b30   0x00000004   Data   RO          216    .rodata.cst4        clk.o
    0x00002b34   0x00002b34   0x00000020   Data   RO           13    .rodata.gau32ClkSrcTbl  system_M251.o
    0x00002b54   0x00002b54   0x000000f6   Data   RO          309    .rodata.str1.1      command_interface.o
    0x00002c4a   0x00002c4a   0x00000002   PAD
    0x00002c4c   0x00002c4c   0x00000020   Data   RO          715    Region$$Table       anon$$obj.o


    Execution Region RW_RAM (Exec base: 0x20000000, Load base: 0x00002c6c, Size: 0x00000488, Max: 0x00001c00, ABSOLUTE)

    Exec Addr    Load Addr    Size         Type   Attr      Idx    E Section Name        Object

    0x20000000   0x00002c6c   0x00000004   Data   RW           11    .data.CyclesPerUs   system_M251.o
    0x20000004   0x00002c70   0x00000004   Data   RW           12    .data.PllClock      system_M251.o
    0x20000008   0x00002c74   0x00000004   Data   RW           10    .data.SystemCoreClock  system_M251.o
    0x2000000c   0x00002c78   0x00000004   Data   RW           63    .data.g_ICE_Connected  retarget.o
    0x20000010        -       0x00000054   Zero   RW           64    .bss.__stdout       retarget.o
    0x20000064        -       0x00000010   Zero   RW          294    .bss.current_pose   motion_control.o
    0x20000074        -       0x00000004   Zero   RW          215    .bss.g_CLK_i32ErrCode  clk.o
    0x20000078        -       0x00000400   Zero   RW          308    .bss.g_acRXBuffer   command_interface.o
    0x20000478        -       0x00000004   Zero   RW          268    .bss.g_rx_func      scs0009_servo_driver.o
    0x2000047c        -       0x00000004   Zero   RW          267    .bss.g_tx_func      scs0009_servo_driver.o
    0x20000480        -       0x00000004   Zero   RW          307    .bss.index          command_interface.o
    0x20000484        -       0x00000004   Zero   RW          293    .bss.speed          motion_control.o


    Execution Region ARM_LIB_HEAP (Exec base: 0x20000488, Load base: 0x00002c7c, Size: 0x00000200, Max: 0x00000200, ABSOLUTE)

    Exec Addr    Load Addr    Size         Type   Attr      Idx    E Section Name        Object

    0x20000488        -       0x00000200   Zero   RW            1    ARM_LIB_HEAP.bss    anon$$obj.o


    Execution Region ARM_LIB_STACK (Exec base: 0x20001e00, Load base: 0x00002c7c, Size: 0x00000200, Max: 0x00000200, ABSOLUTE)

    Exec Addr    Load Addr    Size         Type   Attr      Idx    E Section Name        Object

    0x20001e00        -       0x00000200   Zero   RW            2    ARM_LIB_STACK.bss   anon$$obj.o


==============================================================================

Image component sizes


      Code (inc. data)   RO Data    RW Data    ZI Data      Debug   Object Name

      1028         72         32          0          4      18166   clk.o
       744        248        246          0       1028       3310   command_interface.o
       840         68          0          0          0       6221   main.o
       652         24         96          0         20       4530   motion_control.o
       156         28          0          4         84       3933   retarget.o
      1648         24          0          0          8      14834   scs0009_servo_driver.o
       152         24        320          0          0       3436   startup_M251.o
       164         44         32         12          0       4426   system_M251.o
       256         28         24          0          0       8547   uart.o

    ----------------------------------------------------------------------
      5644        560        784         16       2168      67403   Object Totals
         0          0         32          0       1024          0   (incl. Generated)
         4          0          2          0          0          0   (incl. Padding)

    ----------------------------------------------------------------------

      Code (inc. data)   RO Data    RW Data    ZI Data      Debug   Library Member Name

        60         10          0          0          0         84   __0sscanf.o
        30          0          0          0          0         60   _chval.o
       824         12          0          0          0         84   _scanf.o
       330          0          0          0          0         84   _scanf_int.o
        68          0          0          0          0         76   _sgetc.o
        36          4         64          0          0         60   ctype_c.o
         0          0          0          0          0          0   entry.o
         0          0          0          0          0          0   entry10a.o
         0          0          0          0          0          0   entry11a.o
         8          4          0          0          0          0   entry4.o
         4          0          0          0          0          0   entry5.o
         0          0          0          0          0          0   entry7b.o
         0          0          0          0          0          0   entry8b.o
         8          4          0          0          0          0   entry9a.o
        30          0          0          0          0          0   handlers.o
        48         10          0          0          0         68   init.o
        14          0          0          0          0         68   isspace_c.o
         0          0          0          0          0          0   iusefp.o
        48          0          0          0          0         72   llmul.o
        32          0          0          0          0         68   llshl.o
        34          0          0          0          0         68   llushr.o
        36          0          0          0          0         60   memcpya.o
       880         12          0          0          0        324   printf6.o
        32          4          0          0          0         68   puts.o
        44          8          0          0          0         84   scanf_char.o
       898         14          0          0          0        184   scanf_fp.o
        28          0          0          0          0         68   strcmp.o
        30          0          0          0          0         72   strncmp.o
        62          0          0          0          0         72   uidiv_div0.o
        56          0          0          0          0         68   d2f.o
       240          6          0          0          0         84   ddiv.o
       236          0          0          0          0        216   depilogue.o
        28          6          0          0          0         68   dfltul.o
       208          6          0          0          0         88   dmul.o
        28          0          0          0          0         60   fcmpeq.o
        28          0          0          0          0         60   fcmple.o
        28          0          0          0          0         60   fcmplt.o
       124          0          0          0          0         72   fdiv.o
       130          0          0          0          0        144   fepilogue.o
        40          0          0          0          0         60   ffixui.o
        14          0          0          0          0         68   ffltui.o
       122          0          0          0          0         72   fmul.o

    ----------------------------------------------------------------------
      4880        100         64          0          0       2844   Library Totals
        14          0          0          0          0          0   (incl. Padding)

    ----------------------------------------------------------------------

      Code (inc. data)   RO Data    RW Data    ZI Data      Debug   Library Name

      3584         82         64          0          0       1724   mc_p.l
      1282         18          0          0          0       1120   mf_p.l

    ----------------------------------------------------------------------
      4880        100         64          0          0       2844   Library Totals

    ----------------------------------------------------------------------

==============================================================================


      Code (inc. data)   RO Data    RW Data    ZI Data      Debug   

     10524        660        848         16       2168      68795   Grand Totals
     10524        660        848         16       2168      68795   ELF Image Totals
     10524        660        848         16          0          0   ROM Totals

==============================================================================

    Total RO  Size (Code + RO Data)                11372 (  11.11kB)
    Total RW  Size (RW Data + ZI Data)              2184 (   2.13kB)
    Total ROM Size (Code + RO Data + RW Data)      11388 (  11.12kB)

==============================================================================

