Component: Arm Compiler for Embedded 6.24 Tool: armlink [5f371500]

==============================================================================

Image Symbol Table

    Local Symbols

    Symbol Name                              Value     Ov Type        Size  Object(Section)

    ../clib/division.s                       0x00000000   Number         0  aeabi_sdivfast.o ABSOLUTE
    ../clib/division.s                       0x00000000   Number         0  aeabi_sdivfast_div0.o ABSOLUTE
    ../clib/microlib/division.c              0x00000000   Number         0  uidiv.o ABSOLUTE
    ../clib/microlib/division.c              0x00000000   Number         0  uldiv.o ABSOLUTE
    ../clib/microlib/division.c              0x00000000   Number         0  uidiv_div0.o ABSOLUTE
    ../clib/microlib/division.c              0x00000000   Number         0  idiv_div0.o ABSOLUTE
    ../clib/microlib/division.c              0x00000000   Number         0  idiv0.o ABSOLUTE
    ../clib/microlib/init/entry.s            0x00000000   Number         0  entry.o ABSOLUTE
    ../clib/microlib/init/entry.s            0x00000000   Number         0  entry4.o ABSOLUTE
    ../clib/microlib/init/entry.s            0x00000000   Number         0  entry5.o ABSOLUTE
    ../clib/microlib/init/entry.s            0x00000000   Number         0  entry7a.o ABSOLUTE
    ../clib/microlib/init/entry.s            0x00000000   Number         0  entry7b.o ABSOLUTE
    ../clib/microlib/init/entry.s            0x00000000   Number         0  entry8a.o ABSOLUTE
    ../clib/microlib/init/entry.s            0x00000000   Number         0  entry8b.o ABSOLUTE
    ../clib/microlib/init/entry.s            0x00000000   Number         0  entry9a.o ABSOLUTE
    ../clib/microlib/init/entry.s            0x00000000   Number         0  entry9b.o ABSOLUTE
    ../clib/microlib/init/entry.s            0x00000000   Number         0  entry10a.o ABSOLUTE
    ../clib/microlib/init/entry.s            0x00000000   Number         0  entry10b.o ABSOLUTE
    ../clib/microlib/init/entry.s            0x00000000   Number         0  entry11a.o ABSOLUTE
    ../clib/microlib/init/entry.s            0x00000000   Number         0  entry11b.o ABSOLUTE
    ../clib/microlib/longlong.c              0x00000000   Number         0  llshl.o ABSOLUTE
    ../clib/microlib/longlong.c              0x00000000   Number         0  llushr.o ABSOLUTE
    ../clib/microlib/longlong.c              0x00000000   Number         0  llsshr.o ABSOLUTE
    ../clib/microlib/printf/printf.c         0x00000000   Number         0  printfb.o ABSOLUTE
    ../clib/microlib/printf/printf.c         0x00000000   Number         0  printf0.o ABSOLUTE
    ../clib/microlib/printf/printf.c         0x00000000   Number         0  printf1.o ABSOLUTE
    ../clib/microlib/printf/printf.c         0x00000000   Number         0  printf2.o ABSOLUTE
    ../clib/microlib/printf/printf.c         0x00000000   Number         0  printf3.o ABSOLUTE
    ../clib/microlib/printf/printf.c         0x00000000   Number         0  printf4.o ABSOLUTE
    ../clib/microlib/printf/printf.c         0x00000000   Number         0  printf5.o ABSOLUTE
    ../clib/microlib/printf/printf.c         0x00000000   Number         0  printf6.o ABSOLUTE
    ../clib/microlib/printf/printf.c         0x00000000   Number         0  printf7.o ABSOLUTE
    ../clib/microlib/printf/printf.c         0x00000000   Number         0  printf8.o ABSOLUTE
    ../clib/microlib/printf/printf.c         0x00000000   Number         0  printfa.o ABSOLUTE
    ../clib/microlib/printf/stubs.s          0x00000000   Number         0  printfstubs.o ABSOLUTE
    ../clib/microlib/stdio/puts.c            0x00000000   Number         0  puts.o ABSOLUTE
    ../clib/microlib/stdio/puts.c            0x00000000   Number         0  puts_e.o ABSOLUTE
    ../clib/microlib/string/memcpy.c         0x00000000   Number         0  memcpya.o ABSOLUTE
    ../clib/microlib/string/memcpy.c         0x00000000   Number         0  memcpyb.o ABSOLUTE
    ../clib/microlib/stubs.s                 0x00000000   Number         0  iusefp.o ABSOLUTE
    ../fplib/microlib/fpadd.c                0x00000000   Number         0  dadd.o ABSOLUTE
    ../fplib/microlib/fpdiv.c                0x00000000   Number         0  ddiv.o ABSOLUTE
    ../fplib/microlib/fpepilogue.c           0x00000000   Number         0  depilogue.o ABSOLUTE
    ../fplib/microlib/fpfix.c                0x00000000   Number         0  dfixul.o ABSOLUTE
    ../fplib/microlib/fpmul.c                0x00000000   Number         0  dmul.o ABSOLUTE
    __tagsym$$used.0                         0x00000000   Number         0  startup_M251.o(RESET)
    cdrcmple.s                               0x00000000   Number         0  cdrcmple.o ABSOLUTE
    clk.c                                    0x00000000   Number         0  clk.o ABSOLUTE
    dc.s                                     0x00000000   Number         0  dc.o ABSOLUTE
    gpio.c                                   0x00000000   Number         0  gpio.o ABSOLUTE
    handlers.s                               0x00000000   Number         0  handlers.o ABSOLUTE
    init.s                                   0x00000000   Number         0  init.o ABSOLUTE
    main.c                                   0x00000000   Number         0  main.o ABSOLUTE
    retarget.c                               0x00000000   Number         0  retarget.o ABSOLUTE
    scs0009_servo_driver.c                   0x00000000   Number         0  scs0009_servo_driver.o ABSOLUTE
    startup_M251.c                           0x00000000   Number         0  startup_M251.o ABSOLUTE
    sys.c                                    0x00000000   Number         0  sys.o ABSOLUTE
    system_M251.c                            0x00000000   Number         0  system_M251.o ABSOLUTE
    uart.c                                   0x00000000   Number         0  uart.o ABSOLUTE
    .ARM.Collect$$$$00000000                 0x00000140   Section        0  entry.o(.ARM.Collect$$$$00000000)
    .ARM.Collect$$$$00000003                 0x00000140   Section        4  entry4.o(.ARM.Collect$$$$00000003)
    .ARM.Collect$$$$00000004                 0x00000144   Section        4  entry5.o(.ARM.Collect$$$$00000004)
    .ARM.Collect$$$$00000008                 0x00000148   Section        0  entry7b.o(.ARM.Collect$$$$00000008)
    .ARM.Collect$$$$0000000A                 0x00000148   Section        0  entry8b.o(.ARM.Collect$$$$0000000A)
    .ARM.Collect$$$$0000000B                 0x00000148   Section        8  entry9a.o(.ARM.Collect$$$$0000000B)
    __lit__00000000                          0x00000150   Data           4  entry4.o(.ARM.Collect$$$$00002714)
    .ARM.Collect$$$$0000000D                 0x00000150   Section        0  entry10a.o(.ARM.Collect$$$$0000000D)
    .ARM.Collect$$$$0000000F                 0x00000150   Section        0  entry11a.o(.ARM.Collect$$$$0000000F)
    .ARM.Collect$$$$00002714                 0x00000150   Section        4  entry4.o(.ARM.Collect$$$$00002714)
    .text                                    0x00000154   Section        0  memcpya.o(.text)
    .text                                    0x00000178   Section       48  init.o(.text)
    .text                                    0x000001a8   Section        0  uidiv_div0.o(.text)
    [Anonymous Symbol]                       0x000001e8   Section        0  clk.o(.text.CLK_EnableModuleClock)
    __arm_cp.20_0                            0x00000204   Number         4  clk.o(.text.CLK_EnableModuleClock)
    __arm_cp.20_1                            0x00000208   Number         4  clk.o(.text.CLK_EnableModuleClock)
    [Anonymous Symbol]                       0x0000020c   Section        0  clk.o(.text.CLK_EnableXtalRC)
    __arm_cp.18_0                            0x00000218   Number         4  clk.o(.text.CLK_EnableXtalRC)
    [Anonymous Symbol]                       0x0000021c   Section        0  clk.o(.text.CLK_GetPCLK0Freq)
    [Anonymous Symbol]                       0x00000284   Section        0  clk.o(.text.CLK_GetPCLK1Freq)
    __arm_cp.7_0                             0x000002ec   Number         4  clk.o(.text.CLK_GetPCLK1Freq)
    [Anonymous Symbol]                       0x000002f0   Section        0  clk.o(.text.CLK_GetPLLClockFreq)
    __arm_cp.10_0                            0x00000338   Number         4  clk.o(.text.CLK_GetPLLClockFreq)
    __arm_cp.10_1                            0x0000033c   Number         4  clk.o(.text.CLK_GetPLLClockFreq)
    __arm_cp.10_2                            0x00000340   Number         4  clk.o(.text.CLK_GetPLLClockFreq)
    __arm_cp.10_3                            0x00000344   Number         4  clk.o(.text.CLK_GetPLLClockFreq)
    [Anonymous Symbol]                       0x00000348   Section        0  clk.o(.text.CLK_SetHCLK)
    [Anonymous Symbol]                       0x000003d4   Section        0  clk.o(.text.CLK_SetModuleClock)
    __arm_cp.16_0                            0x00000418   Number         4  clk.o(.text.CLK_SetModuleClock)
    __arm_cp.16_2                            0x0000042c   Number         4  clk.o(.text.CLK_SetModuleClock)
    [Anonymous Symbol]                       0x00000430   Section        0  clk.o(.text.CLK_SysTickDelay)
    __arm_cp.35_0                            0x00000594   Number         4  clk.o(.text.CLK_SysTickDelay)
    [Anonymous Symbol]                       0x00000598   Section        0  clk.o(.text.CLK_WaitClockReady)
    __arm_cp.13_0                            0x000005e0   Number         4  clk.o(.text.CLK_WaitClockReady)
    __arm_cp.13_1                            0x000005e4   Number         4  clk.o(.text.CLK_WaitClockReady)
    __arm_cp.13_2                            0x000005e8   Number         4  clk.o(.text.CLK_WaitClockReady)
    [Anonymous Symbol]                       0x000005ec   Section        0  startup_M251.o(.text.Default_Handler)
    [Anonymous Symbol]                       0x000005f0   Section        0  startup_M251.o(.text.HardFault_Handler)
    [Anonymous Symbol]                       0x00000608   Section        0  retarget.o(.text.ProcessHardFault)
    __arm_cp.1_0                             0x00000630   Number         4  retarget.o(.text.ProcessHardFault)
    __arm_cp.1_2                             0x00000644   Number         4  retarget.o(.text.ProcessHardFault)
    [Anonymous Symbol]                       0x00000648   Section        0  startup_M251.o(.text.Reset_Handler)
    __arm_cp.1_0                             0x00000678   Number         4  startup_M251.o(.text.Reset_Handler)
    __arm_cp.1_1                             0x0000067c   Number         4  startup_M251.o(.text.Reset_Handler)
    __arm_cp.1_2                             0x00000680   Number         4  startup_M251.o(.text.Reset_Handler)
    __arm_cp.1_3                             0x00000684   Number         4  startup_M251.o(.text.Reset_Handler)
    [Anonymous Symbol]                       0x00000688   Section        0  startup_M251.o(.text.Reset_Handler_PreInit)
    [Anonymous Symbol]                       0x0000068c   Section        0  main.o(.text.SYS_Init)
    __arm_cp.0_1                             0x0000071c   Number         4  main.o(.text.SYS_Init)
    __arm_cp.0_2                             0x00000720   Number         4  main.o(.text.SYS_Init)
    __arm_cp.0_3                             0x00000724   Number         4  main.o(.text.SYS_Init)
    SYS_UnlockReg                            0x00000729   Thumb Code    56  startup_M251.o(.text.SYS_UnlockReg)
    [Anonymous Symbol]                       0x00000728   Section        0  startup_M251.o(.text.SYS_UnlockReg)
    __arm_cp.4_0                             0x00000760   Number         4  startup_M251.o(.text.SYS_UnlockReg)
    [Anonymous Symbol]                       0x00000764   Section        0  retarget.o(.text.SendChar)
    __arm_cp.3_0                             0x000007b0   Number         4  retarget.o(.text.SendChar)
    [Anonymous Symbol]                       0x000007b4   Section        0  system_M251.o(.text.SystemCoreClockUpdate)
    __arm_cp.0_0                             0x000007f0   Number         4  system_M251.o(.text.SystemCoreClockUpdate)
    __arm_cp.0_1                             0x000007f4   Number         4  system_M251.o(.text.SystemCoreClockUpdate)
    __arm_cp.0_2                             0x000007f8   Number         4  system_M251.o(.text.SystemCoreClockUpdate)
    __arm_cp.0_3                             0x000007fc   Number         4  system_M251.o(.text.SystemCoreClockUpdate)
    __arm_cp.0_4                             0x00000800   Number         4  system_M251.o(.text.SystemCoreClockUpdate)
    __arm_cp.0_6                             0x00000804   Number         4  system_M251.o(.text.SystemCoreClockUpdate)
    [Anonymous Symbol]                       0x00000808   Section        0  system_M251.o(.text.SystemInit)
    __arm_cp.1_0                             0x00000820   Number         4  system_M251.o(.text.SystemInit)
    __arm_cp.1_1                             0x00000824   Number         4  system_M251.o(.text.SystemInit)
    __arm_cp.1_2                             0x00000828   Number         4  system_M251.o(.text.SystemInit)
    [Anonymous Symbol]                       0x0000082c   Section        0  uart.o(.text.UART_Open)
    __arm_cp.6_0                             0x00000910   Number         4  uart.o(.text.UART_Open)
    __arm_cp.6_1                             0x00000914   Number         4  uart.o(.text.UART_Open)
    __arm_cp.6_4                             0x00000918   Number         4  uart.o(.text.UART_Open)
    __arm_cp.6_5                             0x0000091c   Number         4  uart.o(.text.UART_Open)
    __arm_cp.6_6                             0x00000920   Number         4  uart.o(.text.UART_Open)
    [Anonymous Symbol]                       0x00000924   Section        0  system_M251.o(.text.Uart0DefaultMPF)
    __arm_cp.2_0                             0x00000948   Number         4  system_M251.o(.text.Uart0DefaultMPF)
    [Anonymous Symbol]                       0x0000094c   Section        0  main.o(.text.debug_dump_registers)
    __arm_cp.4_2                             0x00000a14   Number         4  main.o(.text.debug_dump_registers)
    __arm_cp.4_4                             0x00000a34   Number         4  main.o(.text.debug_dump_registers)
    __arm_cp.4_5                             0x00000a38   Number         4  main.o(.text.debug_dump_registers)
    [Anonymous Symbol]                       0x00000a3c   Section        0  retarget.o(.text.fputc)
    [Anonymous Symbol]                       0x00000a48   Section        0  main.o(.text.main)
    __arm_cp.5_0                             0x00000b50   Number         4  main.o(.text.main)
    __arm_cp.5_1                             0x00000b54   Number         4  main.o(.text.main)
    __arm_cp.5_2                             0x00000b58   Number         4  main.o(.text.main)
    __arm_cp.5_3                             0x00000b5c   Number         4  main.o(.text.main)
    __arm_cp.5_4                             0x00000b60   Number         4  main.o(.text.main)
    __arm_cp.5_6                             0x00000b8c   Number         4  main.o(.text.main)
    __arm_cp.5_8                             0x00000ba0   Number         4  main.o(.text.main)
    __arm_cp.5_9                             0x00000ba4   Number         4  main.o(.text.main)
    [Anonymous Symbol]                       0x00000bb8   Section        0  scs0009_servo_driver.o(.text.scs_clear_speed)
    [Anonymous Symbol]                       0x00000bf0   Section        0  scs0009_servo_driver.o(.text.scs_get_status)
    [Anonymous Symbol]                       0x00000d30   Section        0  scs0009_servo_driver.o(.text.scs_init)
    [Anonymous Symbol]                       0x00000d3c   Section        0  scs0009_servo_driver.o(.text.scs_read_reg)
    __arm_cp.7_0                             0x00000e78   Number         4  scs0009_servo_driver.o(.text.scs_read_reg)
    __arm_cp.7_1                             0x00000e7c   Number         4  scs0009_servo_driver.o(.text.scs_read_reg)
    [Anonymous Symbol]                       0x00000e80   Section        0  scs0009_servo_driver.o(.text.scs_set_id)
    __arm_cp.2_0                             0x00001070   Number         4  scs0009_servo_driver.o(.text.scs_set_id)
    [Anonymous Symbol]                       0x00001074   Section        0  scs0009_servo_driver.o(.text.scs_set_limits)
    __arm_cp.8_0                             0x00001280   Number         4  scs0009_servo_driver.o(.text.scs_set_limits)
    __arm_cp.8_1                             0x00001284   Number         4  scs0009_servo_driver.o(.text.scs_set_limits)
    [Anonymous Symbol]                       0x00001288   Section        0  scs0009_servo_driver.o(.text.scs_set_position_time)
    [Anonymous Symbol]                       0x000012d0   Section        0  scs0009_servo_driver.o(.text.scs_set_torque)
    __arm_cp.3_0                             0x00001308   Number         4  scs0009_servo_driver.o(.text.scs_set_torque)
    [Anonymous Symbol]                       0x0000130c   Section        0  main.o(.text.servo_uart_rx)
    __arm_cp.3_0                             0x000013a8   Number         4  main.o(.text.servo_uart_rx)
    [Anonymous Symbol]                       0x000013ac   Section        0  main.o(.text.servo_uart_tx)
    __arm_cp.2_0                             0x00001530   Number         4  main.o(.text.servo_uart_tx)
    i.__0printf$1                            0x00001534   Section        0  printf1.o(i.__0printf$1)
    i.__scatterload_copy                     0x00001554   Section       14  handlers.o(i.__scatterload_copy)
    i.__scatterload_null                     0x00001562   Section        2  handlers.o(i.__scatterload_null)
    i.__scatterload_zeroinit                 0x00001564   Section       14  handlers.o(i.__scatterload_zeroinit)
    _printf_core                             0x00001575   Thumb Code   332  printf1.o(i._printf_core)
    i._printf_core                           0x00001574   Section        0  printf1.o(i._printf_core)
    i.puts                                   0x000016c4   Section        0  puts.o(i.puts)
    [Anonymous Symbol]                       0x000016e4   Section        0  clk.o(.rodata..L__const.CLK_DisableModuleClock.au32ClkTbl)
    [Anonymous Symbol]                       0x000016f0   Section        0  uart.o(.rodata..L__const.UART_SelectIrDAMode.au32ClkTbl)
    [Anonymous Symbol]                       0x00001708   Section        0  clk.o(.rodata.cst16)
    [Anonymous Symbol]                       0x00001718   Section        0  clk.o(.rodata.cst4)
    [Anonymous Symbol]                       0x0000173c   Section        0  main.o(.rodata.str1.1)
    g_ICE_Connected                          0x2000000c   Data           4  retarget.o(.data.g_ICE_Connected)
    [Anonymous Symbol]                       0x2000000c   Section        0  retarget.o(.data.g_ICE_Connected)
    g_rx_func                                0x20000068   Data           4  scs0009_servo_driver.o(.bss.g_rx_func)
    [Anonymous Symbol]                       0x20000068   Section        0  scs0009_servo_driver.o(.bss.g_rx_func)
    g_tx_func                                0x2000006c   Data           4  scs0009_servo_driver.o(.bss.g_tx_func)
    [Anonymous Symbol]                       0x2000006c   Section        0  scs0009_servo_driver.o(.bss.g_tx_func)

    Global Symbols

    Symbol Name                              Value     Ov Type        Size  Object(Section)

    BuildAttributes$$THM_ISAv3M$S$8M$PE$A:L22$X:L11$S22$IEEE1$IW$USESV6$~STKCKD$USESV7$~SHL$OTIME$ROPI$MICROLIB$REQ8$PRES8$EABIv2 0x00000000   Number         0  anon$$obj.o ABSOLUTE
    __Vectors                                0x00000000   Data         320  startup_M251.o(RESET)
    _printf_a                                0x00000000   Number         0  printfstubs.o ABSOLUTE
    _printf_c                                0x00000000   Number         0  printfstubs.o ABSOLUTE
    _printf_charcount                        0x00000000   Number         0  printfstubs.o ABSOLUTE
    _printf_d                                0x00000000   Number         0  printfstubs.o ABSOLUTE
    _printf_e                                0x00000000   Number         0  printfstubs.o ABSOLUTE
    _printf_f                                0x00000000   Number         0  printfstubs.o ABSOLUTE
    _printf_flags                            0x00000000   Number         0  printfstubs.o ABSOLUTE
    _printf_fp_dec                           0x00000000   Number         0  printfstubs.o ABSOLUTE
    _printf_fp_hex                           0x00000000   Number         0  printfstubs.o ABSOLUTE
    _printf_g                                0x00000000   Number         0  printfstubs.o ABSOLUTE
    _printf_i                                0x00000000   Number         0  printfstubs.o ABSOLUTE
    _printf_int_dec                          0x00000000   Number         0  printfstubs.o ABSOLUTE
    _printf_l                                0x00000000   Number         0  printfstubs.o ABSOLUTE
    _printf_lc                               0x00000000   Number         0  printfstubs.o ABSOLUTE
    _printf_ll                               0x00000000   Number         0  printfstubs.o ABSOLUTE
    _printf_lld                              0x00000000   Number         0  printfstubs.o ABSOLUTE
    _printf_lli                              0x00000000   Number         0  printfstubs.o ABSOLUTE
    _printf_llo                              0x00000000   Number         0  printfstubs.o ABSOLUTE
    _printf_llu                              0x00000000   Number         0  printfstubs.o ABSOLUTE
    _printf_llx                              0x00000000   Number         0  printfstubs.o ABSOLUTE
    _printf_longlong_dec                     0x00000000   Number         0  printfstubs.o ABSOLUTE
    _printf_longlong_hex                     0x00000000   Number         0  printfstubs.o ABSOLUTE
    _printf_longlong_oct                     0x00000000   Number         0  printfstubs.o ABSOLUTE
    _printf_ls                               0x00000000   Number         0  printfstubs.o ABSOLUTE
    _printf_mbtowc                           0x00000000   Number         0  printfstubs.o ABSOLUTE
    _printf_n                                0x00000000   Number         0  printfstubs.o ABSOLUTE
    _printf_o                                0x00000000   Number         0  printfstubs.o ABSOLUTE
    _printf_p                                0x00000000   Number         0  printfstubs.o ABSOLUTE
    _printf_percent                          0x00000000   Number         0  printfstubs.o ABSOLUTE
    _printf_pre_padding                      0x00000000   Number         0  printfstubs.o ABSOLUTE
    _printf_return_value                     0x00000000   Number         0  printfstubs.o ABSOLUTE
    _printf_s                                0x00000000   Number         0  printfstubs.o ABSOLUTE
    _printf_sizespec                         0x00000000   Number         0  printfstubs.o ABSOLUTE
    _printf_str                              0x00000000   Number         0  printfstubs.o ABSOLUTE
    _printf_truncate_signed                  0x00000000   Number         0  printfstubs.o ABSOLUTE
    _printf_truncate_unsigned                0x00000000   Number         0  printfstubs.o ABSOLUTE
    _printf_u                                0x00000000   Number         0  printfstubs.o ABSOLUTE
    _printf_wc                               0x00000000   Number         0  printfstubs.o ABSOLUTE
    _printf_wctomb                           0x00000000   Number         0  printfstubs.o ABSOLUTE
    _printf_widthprec                        0x00000000   Number         0  printfstubs.o ABSOLUTE
    _printf_x                                0x00000000   Number         0  printfstubs.o ABSOLUTE
    __cpp_initialize__aeabi_                  - Undefined Weak Reference
    __cxa_finalize                            - Undefined Weak Reference
    __decompress                              - Undefined Weak Reference
    _clock_init                               - Undefined Weak Reference
    _microlib_exit                            - Undefined Weak Reference
    __main                                   0x00000141   Thumb Code     0  entry.o(.ARM.Collect$$$$00000000)
    _main_stk                                0x00000141   Thumb Code     0  entry4.o(.ARM.Collect$$$$00000003)
    _main_scatterload                        0x00000145   Thumb Code     0  entry5.o(.ARM.Collect$$$$00000004)
    __main_after_scatterload                 0x00000149   Thumb Code     0  entry5.o(.ARM.Collect$$$$00000004)
    _main_clock                              0x00000149   Thumb Code     0  entry7b.o(.ARM.Collect$$$$00000008)
    _main_cpp_init                           0x00000149   Thumb Code     0  entry8b.o(.ARM.Collect$$$$0000000A)
    _main_init                               0x00000149   Thumb Code     0  entry9a.o(.ARM.Collect$$$$0000000B)
    __rt_final_cpp                           0x00000151   Thumb Code     0  entry10a.o(.ARM.Collect$$$$0000000D)
    __rt_final_exit                          0x00000151   Thumb Code     0  entry11a.o(.ARM.Collect$$$$0000000F)
    __aeabi_memcpy                           0x00000155   Thumb Code    36  memcpya.o(.text)
    __aeabi_memcpy4                          0x00000155   Thumb Code     0  memcpya.o(.text)
    __aeabi_memcpy8                          0x00000155   Thumb Code     0  memcpya.o(.text)
    __scatterload                            0x00000179   Thumb Code    38  init.o(.text)
    __scatterload_rt2                        0x00000179   Thumb Code     0  init.o(.text)
    __aeabi_uidiv$div0                       0x000001a9   Thumb Code     0  uidiv_div0.o(.text)
    __aeabi_uidivmod                         0x000001a9   Thumb Code    62  uidiv_div0.o(.text)
    CLK_EnableModuleClock                    0x000001e9   Thumb Code    28  clk.o(.text.CLK_EnableModuleClock)
    CLK_EnableXtalRC                         0x0000020d   Thumb Code    12  clk.o(.text.CLK_EnableXtalRC)
    CLK_GetPCLK0Freq                         0x0000021d   Thumb Code   104  clk.o(.text.CLK_GetPCLK0Freq)
    CLK_GetPCLK1Freq                         0x00000285   Thumb Code   104  clk.o(.text.CLK_GetPCLK1Freq)
    CLK_GetPLLClockFreq                      0x000002f1   Thumb Code    72  clk.o(.text.CLK_GetPLLClockFreq)
    CLK_SetHCLK                              0x00000349   Thumb Code   140  clk.o(.text.CLK_SetHCLK)
    CLK_SetModuleClock                       0x000003d5   Thumb Code    68  clk.o(.text.CLK_SetModuleClock)
    CLK_SysTickDelay                         0x00000431   Thumb Code   356  clk.o(.text.CLK_SysTickDelay)
    CLK_WaitClockReady                       0x00000599   Thumb Code    72  clk.o(.text.CLK_WaitClockReady)
    ACMP01_IRQHandler                        0x000005ed   Thumb Code     2  startup_M251.o(.text.Default_Handler)
    BOD_IRQHandler                           0x000005ed   Thumb Code     2  startup_M251.o(.text.Default_Handler)
    BPWM0_IRQHandler                         0x000005ed   Thumb Code     2  startup_M251.o(.text.Default_Handler)
    BPWM1_IRQHandler                         0x000005ed   Thumb Code     2  startup_M251.o(.text.Default_Handler)
    BRAKE0_IRQHandler                        0x000005ed   Thumb Code     2  startup_M251.o(.text.Default_Handler)
    BRAKE1_IRQHandler                        0x000005ed   Thumb Code     2  startup_M251.o(.text.Default_Handler)
    CLKFAIL_IRQHandler                       0x000005ed   Thumb Code     2  startup_M251.o(.text.Default_Handler)
    CRPT_IRQHandler                          0x000005ed   Thumb Code     2  startup_M251.o(.text.Default_Handler)
    DAC_IRQHandler                           0x000005ed   Thumb Code     2  startup_M251.o(.text.Default_Handler)
    Default_Handler                          0x000005ed   Thumb Code     2  startup_M251.o(.text.Default_Handler)
    EADC_INT0_IRQHandler                     0x000005ed   Thumb Code     2  startup_M251.o(.text.Default_Handler)
    EADC_INT1_IRQHandler                     0x000005ed   Thumb Code     2  startup_M251.o(.text.Default_Handler)
    EADC_INT2_IRQHandler                     0x000005ed   Thumb Code     2  startup_M251.o(.text.Default_Handler)
    EADC_INT3_IRQHandler                     0x000005ed   Thumb Code     2  startup_M251.o(.text.Default_Handler)
    EINT0_IRQHandler                         0x000005ed   Thumb Code     2  startup_M251.o(.text.Default_Handler)
    EINT1_IRQHandler                         0x000005ed   Thumb Code     2  startup_M251.o(.text.Default_Handler)
    EINT2_IRQHandler                         0x000005ed   Thumb Code     2  startup_M251.o(.text.Default_Handler)
    EINT3_IRQHandler                         0x000005ed   Thumb Code     2  startup_M251.o(.text.Default_Handler)
    EINT4_IRQHandler                         0x000005ed   Thumb Code     2  startup_M251.o(.text.Default_Handler)
    EINT5_IRQHandler                         0x000005ed   Thumb Code     2  startup_M251.o(.text.Default_Handler)
    GPA_IRQHandler                           0x000005ed   Thumb Code     2  startup_M251.o(.text.Default_Handler)
    GPB_IRQHandler                           0x000005ed   Thumb Code     2  startup_M251.o(.text.Default_Handler)
    GPC_IRQHandler                           0x000005ed   Thumb Code     2  startup_M251.o(.text.Default_Handler)
    GPD_IRQHandler                           0x000005ed   Thumb Code     2  startup_M251.o(.text.Default_Handler)
    GPE_IRQHandler                           0x000005ed   Thumb Code     2  startup_M251.o(.text.Default_Handler)
    GPF_IRQHandler                           0x000005ed   Thumb Code     2  startup_M251.o(.text.Default_Handler)
    I2C0_IRQHandler                          0x000005ed   Thumb Code     2  startup_M251.o(.text.Default_Handler)
    I2C1_IRQHandler                          0x000005ed   Thumb Code     2  startup_M251.o(.text.Default_Handler)
    IRCTRIM_IRQHandler                       0x000005ed   Thumb Code     2  startup_M251.o(.text.Default_Handler)
    LCD_IRQHandler                           0x000005ed   Thumb Code     2  startup_M251.o(.text.Default_Handler)
    NMI_Handler                              0x000005ed   Thumb Code     2  startup_M251.o(.text.Default_Handler)
    OPA_IRQHandler                           0x000005ed   Thumb Code     2  startup_M251.o(.text.Default_Handler)
    PDMA_IRQHandler                          0x000005ed   Thumb Code     2  startup_M251.o(.text.Default_Handler)
    PSIO_IRQHandler                          0x000005ed   Thumb Code     2  startup_M251.o(.text.Default_Handler)
    PWM0_P0_IRQHandler                       0x000005ed   Thumb Code     2  startup_M251.o(.text.Default_Handler)
    PWM0_P1_IRQHandler                       0x000005ed   Thumb Code     2  startup_M251.o(.text.Default_Handler)
    PWM0_P2_IRQHandler                       0x000005ed   Thumb Code     2  startup_M251.o(.text.Default_Handler)
    PWM1_P0_IRQHandler                       0x000005ed   Thumb Code     2  startup_M251.o(.text.Default_Handler)
    PWM1_P1_IRQHandler                       0x000005ed   Thumb Code     2  startup_M251.o(.text.Default_Handler)
    PWM1_P2_IRQHandler                       0x000005ed   Thumb Code     2  startup_M251.o(.text.Default_Handler)
    PWRWU_IRQHandler                         0x000005ed   Thumb Code     2  startup_M251.o(.text.Default_Handler)
    PendSV_Handler                           0x000005ed   Thumb Code     2  startup_M251.o(.text.Default_Handler)
    QSPI0_IRQHandler                         0x000005ed   Thumb Code     2  startup_M251.o(.text.Default_Handler)
    RTC_IRQHandler                           0x000005ed   Thumb Code     2  startup_M251.o(.text.Default_Handler)
    SC0_IRQHandler                           0x000005ed   Thumb Code     2  startup_M251.o(.text.Default_Handler)
    SPI0_IRQHandler                          0x000005ed   Thumb Code     2  startup_M251.o(.text.Default_Handler)
    SPI1_IRQHandler                          0x000005ed   Thumb Code     2  startup_M251.o(.text.Default_Handler)
    SVC_Handler                              0x000005ed   Thumb Code     2  startup_M251.o(.text.Default_Handler)
    SysTick_Handler                          0x000005ed   Thumb Code     2  startup_M251.o(.text.Default_Handler)
    TAMPER_IRQHandler                        0x000005ed   Thumb Code     2  startup_M251.o(.text.Default_Handler)
    TK_IRQHandler                            0x000005ed   Thumb Code     2  startup_M251.o(.text.Default_Handler)
    TMR0_IRQHandler                          0x000005ed   Thumb Code     2  startup_M251.o(.text.Default_Handler)
    TMR1_IRQHandler                          0x000005ed   Thumb Code     2  startup_M251.o(.text.Default_Handler)
    TMR2_IRQHandler                          0x000005ed   Thumb Code     2  startup_M251.o(.text.Default_Handler)
    TMR3_IRQHandler                          0x000005ed   Thumb Code     2  startup_M251.o(.text.Default_Handler)
    UART0_IRQHandler                         0x000005ed   Thumb Code     2  startup_M251.o(.text.Default_Handler)
    UART1_IRQHandler                         0x000005ed   Thumb Code     2  startup_M251.o(.text.Default_Handler)
    UART2_IRQHandler                         0x000005ed   Thumb Code     2  startup_M251.o(.text.Default_Handler)
    UART3_IRQHandler                         0x000005ed   Thumb Code     2  startup_M251.o(.text.Default_Handler)
    USBD_IRQHandler                          0x000005ed   Thumb Code     2  startup_M251.o(.text.Default_Handler)
    USCI0_IRQHandler                         0x000005ed   Thumb Code     2  startup_M251.o(.text.Default_Handler)
    USCI1_IRQHandler                         0x000005ed   Thumb Code     2  startup_M251.o(.text.Default_Handler)
    USCI2_IRQHandler                         0x000005ed   Thumb Code     2  startup_M251.o(.text.Default_Handler)
    WDT_IRQHandler                           0x000005ed   Thumb Code     2  startup_M251.o(.text.Default_Handler)
    WWDT_IRQHandler                          0x000005ed   Thumb Code     2  startup_M251.o(.text.Default_Handler)
    HardFault_Handler                        0x000005f1   Thumb Code    18  startup_M251.o(.text.HardFault_Handler)
    ProcessHardFault                         0x00000609   Thumb Code    40  retarget.o(.text.ProcessHardFault)
    Reset_Handler                            0x00000649   Thumb Code    48  startup_M251.o(.text.Reset_Handler)
    Reset_Handler_PreInit                    0x00000689   Thumb Code     2  startup_M251.o(.text.Reset_Handler_PreInit)
    SYS_Init                                 0x0000068d   Thumb Code   144  main.o(.text.SYS_Init)
    SendChar                                 0x00000765   Thumb Code    76  retarget.o(.text.SendChar)
    SystemCoreClockUpdate                    0x000007b5   Thumb Code    60  system_M251.o(.text.SystemCoreClockUpdate)
    SystemInit                               0x00000809   Thumb Code    24  system_M251.o(.text.SystemInit)
    UART_Open                                0x0000082d   Thumb Code   228  uart.o(.text.UART_Open)
    Uart0DefaultMPF                          0x00000925   Thumb Code    36  system_M251.o(.text.Uart0DefaultMPF)
    debug_dump_registers                     0x0000094d   Thumb Code   116  main.o(.text.debug_dump_registers)
    fputc                                    0x00000a3d   Thumb Code    12  retarget.o(.text.fputc)
    main                                     0x00000a49   Thumb Code   264  main.o(.text.main)
    scs_clear_speed                          0x00000bb9   Thumb Code    56  scs0009_servo_driver.o(.text.scs_clear_speed)
    scs_get_status                           0x00000bf1   Thumb Code   320  scs0009_servo_driver.o(.text.scs_get_status)
    scs_init                                 0x00000d31   Thumb Code    12  scs0009_servo_driver.o(.text.scs_init)
    scs_read_reg                             0x00000d3d   Thumb Code   316  scs0009_servo_driver.o(.text.scs_read_reg)
    scs_set_id                               0x00000e81   Thumb Code   496  scs0009_servo_driver.o(.text.scs_set_id)
    scs_set_limits                           0x00001075   Thumb Code   524  scs0009_servo_driver.o(.text.scs_set_limits)
    scs_set_position_time                    0x00001289   Thumb Code    72  scs0009_servo_driver.o(.text.scs_set_position_time)
    scs_set_torque                           0x000012d1   Thumb Code    56  scs0009_servo_driver.o(.text.scs_set_torque)
    servo_uart_rx                            0x0000130d   Thumb Code   156  main.o(.text.servo_uart_rx)
    servo_uart_tx                            0x000013ad   Thumb Code   388  main.o(.text.servo_uart_tx)
    __0printf$1                              0x00001535   Thumb Code    24  printf1.o(i.__0printf$1)
    __1printf$1                              0x00001535   Thumb Code     0  printf1.o(i.__0printf$1)
    __2printf                                0x00001535   Thumb Code     0  printf1.o(i.__0printf$1)
    __scatterload_copy                       0x00001555   Thumb Code    14  handlers.o(i.__scatterload_copy)
    __scatterload_null                       0x00001563   Thumb Code     2  handlers.o(i.__scatterload_null)
    __scatterload_zeroinit                   0x00001565   Thumb Code    14  handlers.o(i.__scatterload_zeroinit)
    puts                                     0x000016c5   Thumb Code    28  puts.o(i.puts)
    gau32ClkSrcTbl                           0x0000171c   Data          32  system_M251.o(.rodata.gau32ClkSrcTbl)
    Region$$Table$$Base                      0x00001810   Number         0  anon$$obj.o(Region$$Table)
    Region$$Table$$Limit                     0x00001830   Number         0  anon$$obj.o(Region$$Table)
    CyclesPerUs                              0x20000000   Data           4  system_M251.o(.data.CyclesPerUs)
    PllClock                                 0x20000004   Data           4  system_M251.o(.data.PllClock)
    SystemCoreClock                          0x20000008   Data           4  system_M251.o(.data.SystemCoreClock)
    __stdout                                 0x20000010   Data          84  retarget.o(.bss.__stdout)
    g_CLK_i32ErrCode                         0x20000064   Data           4  clk.o(.bss.g_CLK_i32ErrCode)
    Image$$ARM_LIB_STACK$$ZI$$Limit          0x20002000   Number         0  anon$$obj.o ABSOLUTE



==============================================================================

Memory Map of the image

  Image Entry point : 0x00000141

  Load Region LR_ROM (Base: 0x00000000, Size: 0x00001840, Max: 0x00008000, ABSOLUTE)

    Execution Region ER_ROM (Exec base: 0x00000000, Load base: 0x00000000, Size: 0x00001830, Max: 0x00008000, ABSOLUTE)

    Exec Addr    Load Addr    Size         Type   Attr      Idx    E Section Name        Object

    0x00000000   0x00000000   0x00000140   Data   RO           32    RESET               startup_M251.o
    0x00000140   0x00000140   0x00000000   Code   RO          298  * .ARM.Collect$$$$00000000  mc_p.l(entry.o)
    0x00000140   0x00000140   0x00000004   Code   RO          570    .ARM.Collect$$$$00000003  mc_p.l(entry4.o)
    0x00000144   0x00000144   0x00000004   Code   RO          573    .ARM.Collect$$$$00000004  mc_p.l(entry5.o)
    0x00000148   0x00000148   0x00000000   Code   RO          575    .ARM.Collect$$$$00000008  mc_p.l(entry7b.o)
    0x00000148   0x00000148   0x00000000   Code   RO          577    .ARM.Collect$$$$0000000A  mc_p.l(entry8b.o)
    0x00000148   0x00000148   0x00000008   Code   RO          578    .ARM.Collect$$$$0000000B  mc_p.l(entry9a.o)
    0x00000150   0x00000150   0x00000000   Code   RO          580    .ARM.Collect$$$$0000000D  mc_p.l(entry10a.o)
    0x00000150   0x00000150   0x00000000   Code   RO          582    .ARM.Collect$$$$0000000F  mc_p.l(entry11a.o)
    0x00000150   0x00000150   0x00000004   Code   RO          571    .ARM.Collect$$$$00002714  mc_p.l(entry4.o)
    0x00000154   0x00000154   0x00000024   Code   RO          305    .text               mc_p.l(memcpya.o)
    0x00000178   0x00000178   0x00000030   Code   RO          603    .text               mc_p.l(init.o)
    0x000001a8   0x000001a8   0x0000003e   Code   RO          609    .text               mc_p.l(uidiv_div0.o)
    0x000001e6   0x000001e6   0x00000002   PAD
    0x000001e8   0x000001e8   0x00000024   Code   RO          181    .text.CLK_EnableModuleClock  clk.o
    0x0000020c   0x0000020c   0x00000010   Code   RO          177    .text.CLK_EnableXtalRC  clk.o
    0x0000021c   0x0000021c   0x00000068   Code   RO          153    .text.CLK_GetPCLK0Freq  clk.o
    0x00000284   0x00000284   0x0000006c   Code   RO          155    .text.CLK_GetPCLK1Freq  clk.o
    0x000002f0   0x000002f0   0x00000058   Code   RO          161    .text.CLK_GetPLLClockFreq  clk.o
    0x00000348   0x00000348   0x0000008c   Code   RO          169    .text.CLK_SetHCLK   clk.o
    0x000003d4   0x000003d4   0x0000005c   Code   RO          173    .text.CLK_SetModuleClock  clk.o
    0x00000430   0x00000430   0x00000168   Code   RO          211    .text.CLK_SysTickDelay  clk.o
    0x00000598   0x00000598   0x00000054   Code   RO          167    .text.CLK_WaitClockReady  clk.o
    0x000005ec   0x000005ec   0x00000002   Code   RO           22    .text.Default_Handler  startup_M251.o
    0x000005ee   0x000005ee   0x00000002   PAD
    0x000005f0   0x000005f0   0x00000018   Code   RO           26    .text.HardFault_Handler  startup_M251.o
    0x00000608   0x00000608   0x00000040   Code   RO           43    .text.ProcessHardFault  retarget.o
    0x00000648   0x00000648   0x00000040   Code   RO           24    .text.Reset_Handler  startup_M251.o
    0x00000688   0x00000688   0x00000002   Code   RO           28    .text.Reset_Handler_PreInit  startup_M251.o
    0x0000068a   0x0000068a   0x00000002   PAD
    0x0000068c   0x0000068c   0x0000009c   Code   RO          277    .text.SYS_Init      main.o
    0x00000728   0x00000728   0x0000003c   Code   RO           30    .text.SYS_UnlockReg  startup_M251.o
    0x00000764   0x00000764   0x00000050   Code   RO           47    .text.SendChar      retarget.o
    0x000007b4   0x000007b4   0x00000054   Code   RO            4    .text.SystemCoreClockUpdate  system_M251.o
    0x00000808   0x00000808   0x00000024   Code   RO            6    .text.SystemInit    system_M251.o
    0x0000082c   0x0000082c   0x000000f8   Code   RO           86    .text.UART_Open     uart.o
    0x00000924   0x00000924   0x00000028   Code   RO            8    .text.Uart0DefaultMPF  system_M251.o
    0x0000094c   0x0000094c   0x000000f0   Code   RO          285    .text.debug_dump_registers  main.o
    0x00000a3c   0x00000a3c   0x0000000c   Code   RO           57    .text.fputc         retarget.o
    0x00000a48   0x00000a48   0x00000170   Code   RO          287    .text.main          main.o
    0x00000bb8   0x00000bb8   0x00000038   Code   RO          245    .text.scs_clear_speed  scs0009_servo_driver.o
    0x00000bf0   0x00000bf0   0x00000140   Code   RO          257    .text.scs_get_status  scs0009_servo_driver.o
    0x00000d30   0x00000d30   0x0000000c   Code   RO          247    .text.scs_init      scs0009_servo_driver.o
    0x00000d3c   0x00000d3c   0x00000144   Code   RO          259    .text.scs_read_reg  scs0009_servo_driver.o
    0x00000e80   0x00000e80   0x000001f4   Code   RO          249    .text.scs_set_id    scs0009_servo_driver.o
    0x00001074   0x00001074   0x00000214   Code   RO          261    .text.scs_set_limits  scs0009_servo_driver.o
    0x00001288   0x00001288   0x00000048   Code   RO          255    .text.scs_set_position_time  scs0009_servo_driver.o
    0x000012d0   0x000012d0   0x0000003c   Code   RO          251    .text.scs_set_torque  scs0009_servo_driver.o
    0x0000130c   0x0000130c   0x000000a0   Code   RO          283    .text.servo_uart_rx  main.o
    0x000013ac   0x000013ac   0x00000188   Code   RO          281    .text.servo_uart_tx  main.o
    0x00001534   0x00001534   0x00000020   Code   RO          354    i.__0printf$1       mc_p.l(printf1.o)
    0x00001554   0x00001554   0x0000000e   Code   RO          628    i.__scatterload_copy  mc_p.l(handlers.o)
    0x00001562   0x00001562   0x00000002   Code   RO          629    i.__scatterload_null  mc_p.l(handlers.o)
    0x00001564   0x00001564   0x0000000e   Code   RO          630    i.__scatterload_zeroinit  mc_p.l(handlers.o)
    0x00001572   0x00001572   0x00000002   PAD
    0x00001574   0x00001574   0x00000150   Code   RO          361    i._printf_core      mc_p.l(printf1.o)
    0x000016c4   0x000016c4   0x00000020   Code   RO          301    i.puts              mc_p.l(puts.o)
    0x000016e4   0x000016e4   0x0000000c   Data   RO          217    .rodata..L__const.CLK_DisableModuleClock.au32ClkTbl  clk.o
    0x000016f0   0x000016f0   0x00000018   Data   RO          104    .rodata..L__const.UART_SelectIrDAMode.au32ClkTbl  uart.o
    0x00001708   0x00001708   0x00000010   Data   RO          218    .rodata.cst16       clk.o
    0x00001718   0x00001718   0x00000004   Data   RO          216    .rodata.cst4        clk.o
    0x0000171c   0x0000171c   0x00000020   Data   RO           13    .rodata.gau32ClkSrcTbl  system_M251.o
    0x0000173c   0x0000173c   0x000000d3   Data   RO          289    .rodata.str1.1      main.o
    0x0000180f   0x0000180f   0x00000001   PAD
    0x00001810   0x00001810   0x00000020   Data   RO          627    Region$$Table       anon$$obj.o


    Execution Region RW_RAM (Exec base: 0x20000000, Load base: 0x00001830, Size: 0x00000070, Max: 0x00001c00, ABSOLUTE)

    Exec Addr    Load Addr    Size         Type   Attr      Idx    E Section Name        Object

    0x20000000   0x00001830   0x00000004   Data   RW           11    .data.CyclesPerUs   system_M251.o
    0x20000004   0x00001834   0x00000004   Data   RW           12    .data.PllClock      system_M251.o
    0x20000008   0x00001838   0x00000004   Data   RW           10    .data.SystemCoreClock  system_M251.o
    0x2000000c   0x0000183c   0x00000004   Data   RW           63    .data.g_ICE_Connected  retarget.o
    0x20000010        -       0x00000054   Zero   RW           64    .bss.__stdout       retarget.o
    0x20000064        -       0x00000004   Zero   RW          215    .bss.g_CLK_i32ErrCode  clk.o
    0x20000068        -       0x00000004   Zero   RW          268    .bss.g_rx_func      scs0009_servo_driver.o
    0x2000006c        -       0x00000004   Zero   RW          267    .bss.g_tx_func      scs0009_servo_driver.o


    Execution Region ARM_LIB_HEAP (Exec base: 0x20000070, Load base: 0x00001840, Size: 0x00000200, Max: 0x00000200, ABSOLUTE)

    Exec Addr    Load Addr    Size         Type   Attr      Idx    E Section Name        Object

    0x20000070        -       0x00000200   Zero   RW            1    ARM_LIB_HEAP.bss    anon$$obj.o


    Execution Region ARM_LIB_STACK (Exec base: 0x20001e00, Load base: 0x00001840, Size: 0x00000200, Max: 0x00000200, ABSOLUTE)

    Exec Addr    Load Addr    Size         Type   Attr      Idx    E Section Name        Object

    0x20001e00        -       0x00000200   Zero   RW            2    ARM_LIB_STACK.bss   anon$$obj.o


==============================================================================

Image component sizes


      Code (inc. data)   RO Data    RW Data    ZI Data      Debug   Object Name

      1028         72         32          0          4      18123   clk.o
      1316        248        211          0          0       7316   main.o
       156         28          0          4         84       3883   retarget.o
      1876         24          0          0          8      14837   scs0009_servo_driver.o
       152         24        320          0          0       3400   startup_M251.o
       160         40         32         12          0       4383   system_M251.o
       248         20         24          0          0       8497   uart.o

    ----------------------------------------------------------------------
      4940        456        652         16       1120      60439   Object Totals
         0          0         32          0       1024          0   (incl. Generated)
         4          0          1          0          0          0   (incl. Padding)

    ----------------------------------------------------------------------

      Code (inc. data)   RO Data    RW Data    ZI Data      Debug   Library Member Name

         0          0          0          0          0          0   entry.o
         0          0          0          0          0          0   entry10a.o
         0          0          0          0          0          0   entry11a.o
         8          4          0          0          0          0   entry4.o
         4          0          0          0          0          0   entry5.o
         0          0          0          0          0          0   entry7b.o
         0          0          0          0          0          0   entry8b.o
         8          4          0          0          0          0   entry9a.o
        30          0          0          0          0          0   handlers.o
        48         10          0          0          0         68   init.o
        36          0          0          0          0         60   memcpya.o
       368         12          0          0          0        168   printf1.o
        32          4          0          0          0         68   puts.o
        62          0          0          0          0         72   uidiv_div0.o

    ----------------------------------------------------------------------
       600         34          0          0          0        436   Library Totals
         4          0          0          0          0          0   (incl. Padding)

    ----------------------------------------------------------------------

      Code (inc. data)   RO Data    RW Data    ZI Data      Debug   Library Name

       596         34          0          0          0        436   mc_p.l

    ----------------------------------------------------------------------
       600         34          0          0          0        436   Library Totals

    ----------------------------------------------------------------------

==============================================================================


      Code (inc. data)   RO Data    RW Data    ZI Data      Debug   

      5540        490        652         16       1120      60827   Grand Totals
      5540        490        652         16       1120      60827   ELF Image Totals
      5540        490        652         16          0          0   ROM Totals

==============================================================================

    Total RO  Size (Code + RO Data)                 6192 (   6.05kB)
    Total RW  Size (RW Data + ZI Data)              1136 (   1.11kB)
    Total ROM Size (Code + RO Data + RW Data)       6208 (   6.06kB)

==============================================================================

